Archive member included to satisfy reference by file (symbol)

C:/devkitPro/libctru/lib\libcitro2d.a(base.o)
                              main.o (C2D_Init)
C:/devkitPro/libctru/lib\libcitro2d.a(text.o)
                              main.o (C2D_TextBufNew)
C:/devkitPro/libctru/lib\libcitro2d.a(render2d_shbin.o)
                              C:/devkitPro/libctru/lib\libcitro2d.a(base.o) (render2d_shbin)
C:/devkitPro/libctru/lib\libcitro2d.a(font.o)
                              C:/devkitPro/libctru/lib\libcitro2d.a(text.o) (C2D_FontGlyphIndexFromCodePoint)
C:/devkitPro/libctru/lib\libcitro3d.a(attribs.o)
                              main.o (AttrInfo_Init)
C:/devkitPro/libctru/lib\libcitro3d.a(base.o)
                              C:/devkitPro/libctru/lib\libcitro3d.a(attribs.o) (__C3D_Context)
C:/devkitPro/libctru/lib\libcitro3d.a(buffers.o)
                              main.o (BufInfo_Init)
C:/devkitPro/libctru/lib\libcitro3d.a(drawArrays.o)
                              main.o (C3D_DrawArrays)
C:/devkitPro/libctru/lib\libcitro3d.a(drawElements.o)
                              C:/devkitPro/libctru/lib\libcitro2d.a(base.o) (C3D_DrawElements)
C:/devkitPro/libctru/lib\libcitro3d.a(effect.o)
                              C:/devkitPro/libctru/lib\libcitro3d.a(base.o) (C3D_DepthMap)
C:/devkitPro/libctru/lib\libcitro3d.a(framebuffer.o)
                              C:/devkitPro/libctru/lib\libcitro3d.a(base.o) (C3Di_FrameBufBind)
C:/devkitPro/libctru/lib\libcitro3d.a(immediate.o)
                              C:/devkitPro/libctru/lib\libcitro3d.a(base.o) (C3D_ImmSendAttrib)
C:/devkitPro/libctru/lib\libcitro3d.a(proctex.o)
                              C:/devkitPro/libctru/lib\libcitro2d.a(base.o) (C3D_ProcTexInit)
C:/devkitPro/libctru/lib\libcitro3d.a(renderqueue.o)
                              C:/devkitPro/libctru/lib\libcitro3d.a(base.o) (C3Di_RenderQueueEnableVBlank)
C:/devkitPro/libctru/lib\libcitro3d.a(texenv.o)
                              main.o (C3D_GetTexEnv)
C:/devkitPro/libctru/lib\libcitro3d.a(texture.o)
                              C:/devkitPro/libctru/lib\libcitro2d.a(base.o) (C3D_TexBind)
C:/devkitPro/libctru/lib\libcitro3d.a(uniforms.o)
                              C:/devkitPro/libctru/lib\libcitro3d.a(base.o) (C3D_UpdateUniforms)
C:/devkitPro/libctru/lib\libcitro3d.a(mtx_inverse.o)
                              main.o (Mtx_Inverse)
C:/devkitPro/libctru/lib\libcitro3d.a(mtx_multiply.o)
                              main.o (Mtx_Multiply)
C:/devkitPro/libctru/lib\libcitro3d.a(mtx_multiplyfvec4.o)
                              main.o (Mtx_MultiplyFVec4)
C:/devkitPro/libctru/lib\libcitro3d.a(mtx_ortho.o)
                              C:/devkitPro/libctru/lib\libcitro2d.a(base.o) (Mtx_Ortho)
C:/devkitPro/libctru/lib\libcitro3d.a(mtx_orthotilt.o)
                              C:/devkitPro/libctru/lib\libcitro2d.a(base.o) (Mtx_OrthoTilt)
C:/devkitPro/libctru/lib\libcitro3d.a(mtx_persp.o)
                              main.o (Mtx_Persp)
C:/devkitPro/libctru/lib\libcitro3d.a(mtx_persptilt.o)
                              main.o (Mtx_PerspTilt)
C:/devkitPro/libctru/lib\libcitro3d.a(mtx_rotatex.o)
                              main.o (Mtx_RotateX)
C:/devkitPro/libctru/lib\libcitro3d.a(mtx_rotatey.o)
                              main.o (Mtx_RotateY)
C:/devkitPro/libctru/lib\libcitro3d.a(mtx_rotatez.o)
                              C:/devkitPro/libctru/lib\libcitro2d.a(base.o) (Mtx_RotateZ)
C:/devkitPro/libctru/lib\libcitro3d.a(mtx_scale.o)
                              main.o (Mtx_Scale)
C:/devkitPro/libctru/lib\libcitro3d.a(mtx_translate.o)
                              main.o (Mtx_Translate)
C:/devkitPro/libctru/lib\libctru.a(linear.o)
                              main.o (linearAlloc)
C:/devkitPro/libctru/lib\libctru.a(mem_pool.o)
                              C:/devkitPro/libctru/lib\libctru.a(linear.o) (MemPool::Allocate(MemChunk&, unsigned long, int))
C:/devkitPro/libctru/lib\libctru.a(vram.o)
                              main.o (vramAlloc)
C:/devkitPro/libctru/lib\libctru.a(console.o)
                              main.o (consoleInit)
C:/devkitPro/libctru/lib\libctru.a(font.o)
                              C:/devkitPro/libctru/lib\libcitro2d.a(text.o) (fontEnsureMapped)
C:/devkitPro/libctru/lib\libctru.a(gfx.o)
                              C:/devkitPro/libctru/lib\libcitro2d.a(base.o) (gfxIsWide)
C:/devkitPro/libctru/lib\libctru.a(os.o)
                              C:/devkitPro/libctru/lib\libcitro3d.a(buffers.o) (osConvertVirtToPhys)
C:/devkitPro/libctru/lib\libctru.a(romfs_dev.o)
                              C:/devkitPro/libctru/lib\libcitro2d.a(font.o) (romfsMountFromTitle)
C:/devkitPro/libctru/lib\libctru.a(gpu.o)
                              C:/devkitPro/libctru/lib\libcitro3d.a(renderqueue.o) (gpuCmdBuf)
C:/devkitPro/libctru/lib\libctru.a(gx.o)
                              C:/devkitPro/libctru/lib\libcitro3d.a(renderqueue.o) (GX_BindQueue)
[...]
Memory Configuration

Name             Origin             Length             Attributes
*default*        0x00000000         0xffffffff

Linker script and memory map

                0x00000000                        __sync_synchronize = __sync_synchronize_dmb
                0x00100000                        PROVIDE (__start__ = 0x100000)
                0x00100000                        . = __start__

.text           0x00100000    0x2ff10
 *(.crt0)
 .crt0          0x00100000       0x94 C:/devkitPro/devkitARM/bin/../lib/gcc/arm-none-eabi/16.1.0/../../../../arm-none-eabi/lib/armv6k/fpu/3dsx_crt0.o
                0x00100000                _start
                0x00100008                __service_ptr
                0x0010000c                __apt_appid
                0x00100010                __heap_size
                0x00100014                __linear_heap_size
                0x00100018                __system_arglist
                0x0010001c                __system_runflags
 *(.init)
 .init          0x00100094        0xc C:/devkitPro/devkitARM/bin/../lib/gcc/arm-none-eabi/16.1.0/armv6k/fpu/crti.o
                0x00100094                _init
 .init          0x001000a0        0xc C:/devkitPro/devkitARM/bin/../lib/gcc/arm-none-eabi/16.1.0/armv6k/fpu/crtn.o
                0x001000ac                        . = ALIGN (0x4)
 *(.text)
 .text          0x001000ac      0x20c C:/devkitPro/devkitARM/bin/../lib/gcc/arm-none-eabi/16.1.0/armv6k/fpu\libgcc.a(_udivsi3.o)
                0x001000ac                __aeabi_uidiv
                0x001000ac                __udivsi3
                0x00100298                __aeabi_uidivmod
 .text          0x001002b8      0x240 C:/devkitPro/devkitARM/bin/../lib/gcc/arm-none-eabi/16.1.0/armv6k/fpu\libgcc.a(_divsi3.o)
                0x001002b8                __divsi3
                0x001002b8                __aeabi_idiv
                0x001004d8                __aeabi_idivmod
 .text          0x001004f8        0x4 C:/devkitPro/devkitARM/bin/../lib/gcc/arm-none-eabi/16.1.0/armv6k/fpu\libgcc.a(_dvmd_tls.o)
                0x001004f8                __aeabi_idiv0
                0x001004f8                __aeabi_ldiv0
 .text          0x001004fc      0x3c0 C:/devkitPro/devkitARM/bin/../lib/gcc/arm-none-eabi/16.1.0/armv6k/fpu\libgcc.a(_arm_addsubdf3.o)
                0x001004fc                __aeabi_drsub
                0x00100504                __aeabi_dsub
                0x00100504                __subdf3
                0x00100508                __aeabi_dadd
                0x00100508                __adddf3
                0x001007b4                __floatunsidf
                0x001007b4                __aeabi_ui2d
                0x001007d8                __floatsidf
                0x001007d8                __aeabi_i2d
                0x00100800                __aeabi_f2d
                0x00100800                __extendsfdf2
                0x00100848                __floatundidf
                0x00100848                __aeabi_ul2d
                0x0010085c                __floatdidf
                0x0010085c                __aeabi_l2d
 .text          0x001008bc      0x250 C:/devkitPro/devkitARM/bin/../lib/gcc/arm-none-eabi/16.1.0/armv6k/fpu\libgcc.a(_arm_addsubsf3.o)
                0x001008bc                __aeabi_frsub
                0x001008c4                __subsf3
                0x001008c4                __aeabi_fsub
                0x001008c8                __aeabi_fadd
                0x001008c8                __addsf3
                0x00100a58                __aeabi_ui2f
                0x00100a58                __floatunsisf
                0x00100a60                __aeabi_i2f
                0x00100a60                __floatsisf
                0x00100a80                __aeabi_ul2f
                0x00100a80                __floatundisf
                0x00100a90                __aeabi_l2f
                0x00100a90                __floatdisf
 .text          0x00100b0c       0xd4 C:/devkitPro/devkitARM/bin/../lib/gcc/arm-none-eabi/16.1.0/armv6k/fpu\libgcc.a(_aeabi_ldivmod.o)
                0x00100b0c                __aeabi_ldivmod
 .text          0x00100be0       0x3c C:/devkitPro/devkitARM/bin/../lib/gcc/arm-none-eabi/16.1.0/armv6k/fpu\libgcc.a(_aeabi_uldivmod.o)
                0x00100be0                __aeabi_uldivmod
 *fill*         0x00100c1c        0x4 
 .text          0x00100c20      0x390 C:/devkitPro/devkitARM/bin/../lib/gcc/arm-none-eabi/16.1.0/../../../../arm-none-eabi/lib/armv6k/fpu\libg.a(libc_a-strcmp.o)
                0x00100c28                strcmp
 *(.text.*)
 .text.__do_global_dtors_aux
                0x00100fb0       0x50 C:/devkitPro/devkitARM/bin/../lib/gcc/arm-none-eabi/16.1.0/armv6k/fpu/crtbegin.o
 .text.frame_dummy
                0x00101000       0x2c C:/devkitPro/devkitARM/bin/../lib/gcc/arm-none-eabi/16.1.0/armv6k/fpu/crtbegin.o
 .text.controlList
                0x0010102c        0xc controls.o
                0x0010102c                controlList
 .text.controlCount
                0x00101038        0x8 controls.o
                0x00101038                controlCount
 .text.saveCurrentLevel
                0x00101040       0x9c main.o
 .text.frameWorkbenchCamera
                0x001010dc       0x94 main.o
 .text.buildModelView
                0x00101170       0xa8 main.o
 .text.buildRunnerView
                0x00101218      0x158 main.o
 .text.readMemUsage
                0x00101370       0x98 main.o
 .text.liveRow  0x00101408       0x44 main.o
 *fill*         0x0010144c        0x4 
 .text.sceneBind
                0x00101450       0xa4 main.o
 .text.drawMenu.part.0
                0x001014f4      0x190 main.o
 .text.projectBox.constprop.0
                0x00101684      0x1b4 main.o
 .text.pickPart
                0x00101838      0x188 main.o
 .text.seatPart.isra.0
                0x001019c0      0x220 main.o
 .text.describeSelection
                0x00101be0      0x110 main.o
 .text.printStaticInfo.isra.0
                0x00101cf0       0xfc main.o
 .text.sceneRender
                0x00101dec     0x1140 main.o
 .text.startup.main
                0x00102f2c     0x30b8 main.o
                0x00102f2c                main
 .text.memoryStatusAppPercent
                0x00105fe4       0xb4 memory_status.o
                0x00105fe4                memoryStatusAppPercent
 .text.addBox   0x00106098      0x3d8 mesh.o
 .text.validateKitDef
                0x00106470      0x338 mesh.o
 .text.addFanGrill
                0x001067a8      0x42c mesh.o
 .text.expandBounds.constprop.0
                0x00106bd4       0x94 mesh.o
 .text.emitAxisVertex
                0x00106c68       0xac mesh.o
 .text.addCylinder8Axis
                0x00106d14      0x448 mesh.o
 .text.meshKitName
                0x0010715c       0x10 mesh.o
                0x0010715c                meshKitName
 .text.meshKitRunnerCount
                0x0010716c       0x10 mesh.o
                0x0010716c                meshKitRunnerCount
 .text.meshLooseX
                0x0010717c        0xc mesh.o
                0x0010717c                meshLooseX
 .text.meshLooseZ
                0x00107188        0xc mesh.o
                0x00107188                meshLooseZ
 .text.meshStandX
                0x00107194        0xc mesh.o
                0x00107194                meshStandX
 .text.meshStandZ
                0x001071a0        0xc mesh.o
                0x001071a0                meshStandZ
 .text.meshRunnerX
                0x001071ac        0xc mesh.o
                0x001071ac                meshRunnerX
 .text.meshRunnerZ
                0x001071b8        0xc mesh.o
                0x001071b8                meshRunnerZ
 .text.meshValidateKits
                0x001071c4       0xa4 mesh.o
                0x001071c4                meshValidateKits
 .text.meshBuildKit
                0x00107268     0x1fac mesh.o
                0x00107268                meshBuildKit
 .text.meshVertices
                0x00109214        0xc mesh.o
                0x00109214                meshVertices
 .text.meshVertexCount
                0x00109220       0x10 mesh.o
                0x00109220                meshVertexCount
 .text.meshParts
                0x00109230        0xc mesh.o
                0x00109230                meshParts
 .text.meshPartCount
                0x0010923c       0x10 mesh.o
                0x0010923c                meshPartCount
 .text.meshSockets
                0x0010924c        0xc mesh.o
                0x0010924c                meshSockets
 .text.meshSocketCount
                0x00109258       0x10 mesh.o
                0x00109258                meshSocketCount
 .text.meshDeskFirstVertex
                0x00109268       0x10 mesh.o
                0x00109268                meshDeskFirstVertex
 .text.meshDeskVertexCount
                0x00109278       0x10 mesh.o
                0x00109278                meshDeskVertexCount
 .text.meshMatFirstVertex
                0x00109288       0x10 mesh.o
                0x00109288                meshMatFirstVertex
 .text.meshMatVertexCount
                0x00109298       0x10 mesh.o
                0x00109298                meshMatVertexCount
 .text.meshGridFirstVertex
                0x001092a8       0x10 mesh.o
                0x001092a8                meshGridFirstVertex
 .text.meshGridVertexCount
                0x001092b8       0x10 mesh.o
                0x001092b8                meshGridVertexCount
 .text.meshRunnerFirstVertex
                0x001092c8       0x10 mesh.o
                0x001092c8                meshRunnerFirstVertex
 .text.meshRunnerBaseVertexCount
                0x001092d8       0x10 mesh.o
                0x001092d8                meshRunnerBaseVertexCount
 .text.meshRunnerStubFirstVertex
                0x001092e8       0x30 mesh.o
                0x001092e8                meshRunnerStubFirstVertex
 .text.meshRunnerStubVertexCount
                0x00109318       0x30 mesh.o
                0x00109318                meshRunnerStubVertexCount
 .text.meshStandFirstVertex
                0x00109348       0x10 mesh.o
                0x00109348                meshStandFirstVertex
 .text.meshStandVertexCount
                0x00109358       0x10 mesh.o
                0x00109358                meshStandVertexCount
 .text.meshKitTrayFirstVertex
                0x00109368       0x10 mesh.o
                0x00109368                meshKitTrayFirstVertex
 .text.meshKitTrayVertexCount
                0x00109378       0x10 mesh.o
                0x00109378                meshKitTrayVertexCount
 .text.meshKitLidFirstVertex
                0x00109388       0x10 mesh.o
                0x00109388                meshKitLidFirstVertex
 .text.meshKitLidVertexCount
                0x00109398       0x10 mesh.o
                0x00109398                meshKitLidVertexCount
 .text.meshKitArtFirstVertex
                0x001093a8       0x10 mesh.o
                0x001093a8                meshKitArtFirstVertex
 .text.meshKitArtVertexCount
                0x001093b8       0x10 mesh.o
                0x001093b8                meshKitArtVertexCount
 .text.meshKitSpareFirstVertex
                0x001093c8       0x10 mesh.o
                0x001093c8                meshKitSpareFirstVertex
 .text.meshKitSpareVertexCount
                0x001093d8       0x10 mesh.o
                0x001093d8                meshKitSpareVertexCount
 .text.meshRoomFirstVertex
                0x001093e8       0x10 mesh.o
                0x001093e8                meshRoomFirstVertex
 .text.meshRoomVertexCount
                0x001093f8       0x10 mesh.o
                0x001093f8                meshRoomVertexCount
 .text.meshRoomCeilingFirstVertex
                0x00109408       0x10 mesh.o
                0x00109408                meshRoomCeilingFirstVertex
 .text.meshRoomCeilingVertexCount
                0x00109418       0x10 mesh.o
                0x00109418                meshRoomCeilingVertexCount
 .text.meshRoomFloorFirstVertex
                0x00109428       0x10 mesh.o
                0x00109428                meshRoomFloorFirstVertex
 .text.meshRoomFloorVertexCount
                0x00109438       0x10 mesh.o
                0x00109438                meshRoomFloorVertexCount
 .text.meshRoomBedWoodFirstVertex
                0x00109448       0x10 mesh.o
                0x00109448                meshRoomBedWoodFirstVertex
 .text.meshRoomBedWoodVertexCount
                0x00109458       0x10 mesh.o
                0x00109458                meshRoomBedWoodVertexCount
 .text.meshRoomMattressFirstVertex
                0x00109468       0x10 mesh.o
                0x00109468                meshRoomMattressFirstVertex
 .text.meshRoomMattressVertexCount
                0x00109478       0x10 mesh.o
                0x00109478                meshRoomMattressVertexCount
 .text.meshRoomBlanketFirstVertex
                0x00109488       0x10 mesh.o
                0x00109488                meshRoomBlanketFirstVertex
 .text.meshRoomBlanketVertexCount
                0x00109498       0x10 mesh.o
                0x00109498                meshRoomBlanketVertexCount
 .text.meshRoomPillowFirstVertex
                0x001094a8       0x10 mesh.o
                0x001094a8                meshRoomPillowFirstVertex
 .text.meshRoomPillowVertexCount
                0x001094b8       0x10 mesh.o
                0x001094b8                meshRoomPillowVertexCount
 .text.meshRoomDoorFirstVertex
                0x001094c8       0x10 mesh.o
                0x001094c8                meshRoomDoorFirstVertex
 .text.meshRoomDoorVertexCount
                0x001094d8       0x10 mesh.o
                0x001094d8                meshRoomDoorVertexCount
 .text.meshRoomKnobFirstVertex
                0x001094e8       0x10 mesh.o
                0x001094e8                meshRoomKnobFirstVertex
 .text.meshRoomKnobVertexCount
                0x001094f8       0x10 mesh.o
                0x001094f8                meshRoomKnobVertexCount
 .text.meshRoomShelfFirstVertex
                0x00109508       0x10 mesh.o
                0x00109508                meshRoomShelfFirstVertex
 .text.meshRoomShelfVertexCount
                0x00109518       0x10 mesh.o
                0x00109518                meshRoomShelfVertexCount
 .text.meshRoomTrimFirstVertex
                0x00109528       0x10 mesh.o
                0x00109528                meshRoomTrimFirstVertex
 .text.meshRoomTrimVertexCount
                0x00109538       0x10 mesh.o
                0x00109538                meshRoomTrimVertexCount
 .text.meshRoomSkyFirstVertex
                0x00109548       0x10 mesh.o
                0x00109548                meshRoomSkyFirstVertex
 .text.meshRoomSkyVertexCount
                0x00109558       0x10 mesh.o
                0x00109558                meshRoomSkyVertexCount
 .text.meshRoomGroundFirstVertex
                0x00109568       0x10 mesh.o
                0x00109568                meshRoomGroundFirstVertex
 .text.meshRoomGroundVertexCount
                0x00109578       0x10 mesh.o
                0x00109578                meshRoomGroundVertexCount
 .text.meshKitBoxBounds
                0x00109588       0x88 mesh.o
                0x00109588                meshKitBoxBounds
 .text.meshKitBoxedOffset
                0x00109610       0x28 mesh.o
                0x00109610                meshKitBoxedOffset
 .text.settingsVolume
                0x00109638       0x10 settings.o
                0x00109638                settingsVolume
 .text.settingsVolumeStep
                0x00109648       0x24 settings.o
                0x00109648                settingsVolumeStep
 .text.drawTextCentred
                0x0010966c       0x88 title.o
 .text.rectFor  0x001096f4       0x80 title.o
 .text.drawFrameRect
                0x00109774       0xd8 title.o
 .text.drawMat  0x0010984c       0xf0 title.o
 .text.drawPlaqueLabel.constprop.0
                0x0010993c       0xec title.o
 .text.drawStyrene
                0x00109a28       0xe0 title.o
 .text.drawPartButton
                0x00109b08      0x124 title.o
 .text.drawSquareButton.constprop.0
                0x00109c2c       0xc8 title.o
 .text.titleInit
                0x00109cf4      0x2a8 title.o
                0x00109cf4                titleInit
 .text.titleExit
                0x00109f9c       0x20 title.o
                0x00109f9c                titleExit
 .text.titleActive
                0x00109fbc       0x10 title.o
                0x00109fbc                titleActive
 .text.titleReturnToLevels
                0x00109fcc       0x60 title.o
                0x00109fcc                titleReturnToLevels
 .text.titleLevel
                0x0010a02c       0x10 title.o
                0x0010a02c                titleLevel
 .text.titleInput
                0x0010a03c      0x328 title.o
                0x0010a03c                titleInput
 .text.titlePrintTop
                0x0010a364      0x2e8 title.o
                0x0010a364                titlePrintTop
 .text.titleDraw
                0x0010a64c      0xacc title.o
                0x0010a64c                titleDraw
 .text.C2Di_FrameEndHook
                0x0010b118       0x44 C:/devkitPro/libctru/lib\libcitro2d.a(base.o)
 .text.C2D_Init
                0x0010b15c      0x368 C:/devkitPro/libctru/lib\libcitro2d.a(base.o)
                0x0010b15c                C2D_Init
 .text.C2D_Fini
                0x0010b4c4       0x4c C:/devkitPro/libctru/lib\libcitro2d.a(base.o)
                0x0010b4c4                C2D_Fini
 .text.C2D_Prepare
                0x0010b510       0xbc C:/devkitPro/libctru/lib\libcitro2d.a(base.o)
                0x0010b510                C2D_Prepare
 .text.C2D_Flush
                0x0010b5cc       0x48 C:/devkitPro/libctru/lib\libcitro2d.a(base.o)
                0x0010b5cc                C2D_Flush
 .text.C2D_SceneSize
                0x0010b614       0xfc C:/devkitPro/libctru/lib\libcitro2d.a(base.o)
                0x0010b614                C2D_SceneSize
 .text.C2D_TargetClear
                0x0010b710       0x60 C:/devkitPro/libctru/lib\libcitro2d.a(base.o)
                0x0010b710                C2D_TargetClear
 .text.C2Di_AppendQuad
                0x0010b770       0x54 C:/devkitPro/libctru/lib\libcitro2d.a(base.o)
                0x0010b770                C2Di_AppendQuad
 .text.C2Di_AppendVtx
                0x0010b7c4       0x40 C:/devkitPro/libctru/lib\libcitro2d.a(base.o)
                0x0010b7c4                C2Di_AppendVtx
 .text.C2Di_Update
                0x0010b804      0x738 C:/devkitPro/libctru/lib\libcitro2d.a(base.o)
                0x0010b804                C2Di_Update
 .text.C2D_DrawRectangle
                0x0010bf3c      0x168 C:/devkitPro/libctru/lib\libcitro2d.a(base.o)
                0x0010bf3c                C2D_DrawRectangle
 .text.C2D_DrawEllipse
                0x0010c0a4      0x174 C:/devkitPro/libctru/lib\libcitro2d.a(base.o)
                0x0010c0a4                C2D_DrawEllipse
 .text.C2Di_GlyphComp
                0x0010c218       0x18 C:/devkitPro/libctru/lib\libcitro2d.a(text.o)
 .text.C2Di_CalcLineWidths
                0x0010c230      0x180 C:/devkitPro/libctru/lib\libcitro2d.a(text.o)
 .text.C2D_TextBufNew
                0x0010c3b0      0x1d0 C:/devkitPro/libctru/lib\libcitro2d.a(text.o)
                0x0010c3b0                C2D_TextBufNew
 .text.C2D_TextBufDelete
                0x0010c580        0x4 C:/devkitPro/libctru/lib\libcitro2d.a(text.o)
                0x0010c580                C2D_TextBufDelete
 .text.C2D_TextBufClear
                0x0010c584        0xc C:/devkitPro/libctru/lib\libcitro2d.a(text.o)
                0x0010c584                C2D_TextBufClear
 .text.C2D_TextFontParseLine
                0x0010c590      0x1c4 C:/devkitPro/libctru/lib\libcitro2d.a(text.o)
                0x0010c590                C2D_TextFontParseLine
 .text.C2D_TextFontParse
                0x0010c754       0xa4 C:/devkitPro/libctru/lib\libcitro2d.a(text.o)
                0x0010c754                C2D_TextFontParse
 .text.C2D_TextParse
                0x0010c7f8       0x10 C:/devkitPro/libctru/lib\libcitro2d.a(text.o)
                0x0010c7f8                C2D_TextParse
 .text.C2D_TextOptimize
                0x0010c808       0x30 C:/devkitPro/libctru/lib\libcitro2d.a(text.o)
                0x0010c808                C2D_TextOptimize
 .text.C2D_TextGetDimensions
                0x0010c838       0xe8 C:/devkitPro/libctru/lib\libcitro2d.a(text.o)
                0x0010c838                C2D_TextGetDimensions
 .text.C2D_DrawText
                0x0010c920      0xfdc C:/devkitPro/libctru/lib\libcitro2d.a(text.o)
                0x0010c920                C2D_DrawText
 .text.C2D_FontGlyphIndexFromCodePoint
                0x0010d8fc       0x50 C:/devkitPro/libctru/lib\libcitro2d.a(font.o)
                0x0010d8fc                C2D_FontGlyphIndexFromCodePoint
 .text.C2D_FontCalcGlyphPos
                0x0010d94c       0x74 C:/devkitPro/libctru/lib\libcitro2d.a(font.o)
                0x0010d94c                C2D_FontCalcGlyphPos
 .text.AttrInfo_Init
                0x0010d9c0       0x28 C:/devkitPro/libctru/lib\libcitro3d.a(attribs.o)
                0x0010d9c0                AttrInfo_Init
 .text.AttrInfo_AddLoader
                0x0010d9e8       0x94 C:/devkitPro/libctru/lib\libcitro3d.a(attribs.o)
                0x0010d9e8                AttrInfo_AddLoader
 .text.C3D_GetAttrInfo
                0x0010da7c       0x20 C:/devkitPro/libctru/lib\libcitro3d.a(attribs.o)
                0x0010da7c                C3D_GetAttrInfo
 .text.C3D_SetAttrInfo
                0x0010da9c       0x54 C:/devkitPro/libctru/lib\libcitro3d.a(attribs.o)
                0x0010da9c                C3D_SetAttrInfo
 .text.C3Di_AttrInfoBind
                0x0010daf0       0x80 C:/devkitPro/libctru/lib\libcitro3d.a(attribs.o)
                0x0010daf0                C3Di_AttrInfoBind
 .text.C3Di_LightEnvUpdate
                0x0010db70        0x4 C:/devkitPro/libctru/lib\libcitro3d.a(base.o)
                0x0010db70                C3Di_LightEnvUpdate
 .text.C3Di_LightEnvDirty
                0x0010db74        0x4 C:/devkitPro/libctru/lib\libcitro3d.a(base.o)
                0x0010db74                C3Di_LightEnvDirty
 .text.C3Di_AptEventHook
                0x0010db78       0xb4 C:/devkitPro/libctru/lib\libcitro3d.a(base.o)
 .text.C3Di_GasUpdate
                0x0010dc2c        0x4 C:/devkitPro/libctru/lib\libcitro3d.a(base.o)
                0x0010dc2c                C3Di_GasUpdate
 .text.C3D_Init
                0x0010dc30      0x1d0 C:/devkitPro/libctru/lib\libcitro3d.a(base.o)
                0x0010dc30                C3D_Init
 .text.C3D_SetViewport
                0x0010de00       0x98 C:/devkitPro/libctru/lib\libcitro3d.a(base.o)
                0x0010de00                C3D_SetViewport
 .text.C3Di_UpdateContext
                0x0010de98      0x4e8 C:/devkitPro/libctru/lib\libcitro3d.a(base.o)
                0x0010de98                C3Di_UpdateContext
 .text.C3Di_SplitFrame
                0x0010e380       0xe0 C:/devkitPro/libctru/lib\libcitro3d.a(base.o)
                0x0010e380                C3Di_SplitFrame
 .text.C3D_Fini
                0x0010e460       0x44 C:/devkitPro/libctru/lib\libcitro3d.a(base.o)
                0x0010e460                C3D_Fini
 .text.C3D_BindProgram
                0x0010e4a4      0x194 C:/devkitPro/libctru/lib\libcitro3d.a(base.o)
                0x0010e4a4                C3D_BindProgram
 .text.BufInfo_Init
                0x0010e638       0x24 C:/devkitPro/libctru/lib\libcitro3d.a(buffers.o)
                0x0010e638                BufInfo_Init
 .text.BufInfo_Add
                0x0010e65c       0x80 C:/devkitPro/libctru/lib\libcitro3d.a(buffers.o)
                0x0010e65c                BufInfo_Add
 .text.C3D_GetBufInfo
                0x0010e6dc       0x20 C:/devkitPro/libctru/lib\libcitro3d.a(buffers.o)
                0x0010e6dc                C3D_GetBufInfo
 .text.C3D_SetBufInfo
                0x0010e6fc       0x3c C:/devkitPro/libctru/lib\libcitro3d.a(buffers.o)
                0x0010e6fc                C3D_SetBufInfo
 .text.C3Di_BufInfoBind
                0x0010e738       0x48 C:/devkitPro/libctru/lib\libcitro3d.a(buffers.o)
                0x0010e738                C3Di_BufInfoBind
 .text.C3D_DrawArrays
                0x0010e780      0x148 C:/devkitPro/libctru/lib\libcitro3d.a(drawArrays.o)
                0x0010e780                C3D_DrawArrays
 .text.C3D_DrawElements
                0x0010e8c8      0x21c C:/devkitPro/libctru/lib\libcitro3d.a(drawElements.o)
                0x0010e8c8                C3D_DrawElements
 .text.C3D_DepthMap
                0x0010eae4       0x40 C:/devkitPro/libctru/lib\libcitro3d.a(effect.o)
                0x0010eae4                C3D_DepthMap
 .text.C3D_CullFace
                0x0010eb24       0x1c C:/devkitPro/libctru/lib\libcitro3d.a(effect.o)
                0x0010eb24                C3D_CullFace
 .text.C3D_StencilTest
                0x0010eb40       0x40 C:/devkitPro/libctru/lib\libcitro3d.a(effect.o)
                0x0010eb40                C3D_StencilTest
 .text.C3D_StencilOp
                0x0010eb80       0x24 C:/devkitPro/libctru/lib\libcitro3d.a(effect.o)
                0x0010eb80                C3D_StencilOp
 .text.C3D_BlendingColor
                0x0010eba4       0x1c C:/devkitPro/libctru/lib\libcitro3d.a(effect.o)
                0x0010eba4                C3D_BlendingColor
 .text.C3D_EarlyDepthTest
                0x0010ebc0       0x24 C:/devkitPro/libctru/lib\libcitro3d.a(effect.o)
                0x0010ebc0                C3D_EarlyDepthTest
 .text.C3D_DepthTest
                0x0010ebe4       0x2c C:/devkitPro/libctru/lib\libcitro3d.a(effect.o)
                0x0010ebe4                C3D_DepthTest
 .text.C3D_AlphaTest
                0x0010ec10       0x2c C:/devkitPro/libctru/lib\libcitro3d.a(effect.o)
                0x0010ec10                C3D_AlphaTest
 .text.C3D_AlphaBlend
                0x0010ec3c       0x50 C:/devkitPro/libctru/lib\libcitro3d.a(effect.o)
                0x0010ec3c                C3D_AlphaBlend
 .text.C3D_FragOpMode
                0x0010ec8c       0x30 C:/devkitPro/libctru/lib\libcitro3d.a(effect.o)
                0x0010ec8c                C3D_FragOpMode
 .text.C3D_FragOpShadow
                0x0010ecbc       0x44 C:/devkitPro/libctru/lib\libcitro3d.a(effect.o)
                0x0010ecbc                C3D_FragOpShadow
 .text.C3Di_EffectBind
                0x0010ed00      0x1ac C:/devkitPro/libctru/lib\libcitro3d.a(effect.o)
                0x0010ed00                C3Di_EffectBind
 .text.C3D_CalcColorBufSize
                0x0010eeac       0x1c C:/devkitPro/libctru/lib\libcitro3d.a(framebuffer.o)
                0x0010eeac                C3D_CalcColorBufSize
 .text.C3D_CalcDepthBufSize
                0x0010eec8       0x1c C:/devkitPro/libctru/lib\libcitro3d.a(framebuffer.o)
                0x0010eec8                C3D_CalcDepthBufSize
 .text.C3D_SetFrameBuf
                0x0010eee4       0x44 C:/devkitPro/libctru/lib\libcitro3d.a(framebuffer.o)
                0x0010eee4                C3D_SetFrameBuf
 .text.C3Di_FrameBufBind
                0x0010ef28      0x16c C:/devkitPro/libctru/lib\libcitro3d.a(framebuffer.o)
                0x0010ef28                C3Di_FrameBufBind
 .text.C3D_FrameBufClear
                0x0010f094       0xc8 C:/devkitPro/libctru/lib\libcitro3d.a(framebuffer.o)
                0x0010f094                C3D_FrameBufClear
 .text.C3D_FrameBufTransfer
                0x0010f15c       0x44 C:/devkitPro/libctru/lib\libcitro3d.a(framebuffer.o)
                0x0010f15c                C3D_FrameBufTransfer
 .text.C3D_ImmSendAttrib
                0x0010f1a0       0xa8 C:/devkitPro/libctru/lib\libcitro3d.a(immediate.o)
                0x0010f1a0                C3D_ImmSendAttrib
 .text.C3D_ProcTexInit
                0x0010f248       0x70 C:/devkitPro/libctru/lib\libcitro3d.a(proctex.o)
                0x0010f248                C3D_ProcTexInit
 .text.C3D_ProcTexBind
                0x0010f2b8       0x54 C:/devkitPro/libctru/lib\libcitro3d.a(proctex.o)
                0x0010f2b8                C3D_ProcTexBind
 .text.C3D_ProcTexLutBind
                0x0010f30c       0x5c C:/devkitPro/libctru/lib\libcitro3d.a(proctex.o)
                0x0010f30c                C3D_ProcTexLutBind
 .text.ProcTexLut_FromArray
                0x0010f368       0xa4 C:/devkitPro/libctru/lib\libcitro3d.a(proctex.o)
                0x0010f368                ProcTexLut_FromArray
 .text.C3Di_ProcTexUpdate
                0x0010f40c      0x178 C:/devkitPro/libctru/lib\libcitro3d.a(proctex.o)
                0x0010f40c                C3Di_ProcTexUpdate
 .text.C3Di_ProcTexDirty
                0x0010f584       0x68 C:/devkitPro/libctru/lib\libcitro3d.a(proctex.o)
                0x0010f584                C3Di_ProcTexDirty
 .text.onVBlank0
                0x0010f5ec       0x4c C:/devkitPro/libctru/lib\libcitro3d.a(renderqueue.o)
 .text.onVBlank1
                0x0010f638       0x4c C:/devkitPro/libctru/lib\libcitro3d.a(renderqueue.o)
 .text.C3Di_RenderTargetDestroy
                0x0010f684       0x80 C:/devkitPro/libctru/lib\libcitro3d.a(renderqueue.o)
 .text.onQueueFinish
                0x0010f704       0xf4 C:/devkitPro/libctru/lib\libcitro3d.a(renderqueue.o)
 .text.C3Di_RenderQueueEnableVBlank
                0x0010f7f8       0x38 C:/devkitPro/libctru/lib\libcitro3d.a(renderqueue.o)
                0x0010f7f8                C3Di_RenderQueueEnableVBlank
 .text.C3Di_RenderQueueDisableVBlank
                0x0010f830       0x30 C:/devkitPro/libctru/lib\libcitro3d.a(renderqueue.o)
                0x0010f830                C3Di_RenderQueueDisableVBlank
 .text.C3Di_RenderQueueInit
                0x0010f860       0x60 C:/devkitPro/libctru/lib\libcitro3d.a(renderqueue.o)
                0x0010f860                C3Di_RenderQueueInit
 .text.C3Di_RenderQueueExit
                0x0010f8c0       0xb4 C:/devkitPro/libctru/lib\libcitro3d.a(renderqueue.o)
                0x0010f8c0                C3Di_RenderQueueExit
 .text.C3Di_RenderQueueWaitDone
                0x0010f974       0x34 C:/devkitPro/libctru/lib\libcitro3d.a(renderqueue.o)
                0x0010f974                C3Di_RenderQueueWaitDone
 .text.C3D_FrameBegin
                0x0010f9a8       0xe8 C:/devkitPro/libctru/lib\libcitro3d.a(renderqueue.o)
                0x0010f9a8                C3D_FrameBegin
 .text.C3D_FrameDrawOn
                0x0010fa90       0x48 C:/devkitPro/libctru/lib\libcitro3d.a(renderqueue.o)
                0x0010fa90                C3D_FrameDrawOn
 .text.C3D_FrameSplit
                0x0010fad8       0x58 C:/devkitPro/libctru/lib\libcitro3d.a(renderqueue.o)
                0x0010fad8                C3D_FrameSplit
 .text.C3D_FrameEnd
                0x0010fb30      0x1d0 C:/devkitPro/libctru/lib\libcitro3d.a(renderqueue.o)
                0x0010fb30                C3D_FrameEnd
 .text.C3D_FrameEndHook
                0x0010fd00       0x1c C:/devkitPro/libctru/lib\libcitro3d.a(renderqueue.o)
                0x0010fd00                C3D_FrameEndHook
 .text.C3D_RenderTargetCreate
                0x0010fd1c      0x170 C:/devkitPro/libctru/lib\libcitro3d.a(renderqueue.o)
                0x0010fd1c                C3D_RenderTargetCreate
 .text.C3D_RenderTargetSetOutput
                0x0010fe8c       0xa8 C:/devkitPro/libctru/lib\libcitro3d.a(renderqueue.o)
                0x0010fe8c                C3D_RenderTargetSetOutput
 .text.C3D_GetTexEnv
                0x0010ff34       0x34 C:/devkitPro/libctru/lib\libcitro3d.a(texenv.o)
                0x0010ff34                C3D_GetTexEnv
 .text.C3Di_TexEnvBind
                0x0010ff68       0x24 C:/devkitPro/libctru/lib\libcitro3d.a(texenv.o)
                0x0010ff68                C3Di_TexEnvBind
 .text.C3D_TexBind
                0x0010ff8c       0x44 C:/devkitPro/libctru/lib\libcitro3d.a(texture.o)
                0x0010ff8c                C3D_TexBind
 .text.C3Di_SetTex
                0x0010ffd0      0x14c C:/devkitPro/libctru/lib\libcitro3d.a(texture.o)
                0x0010ffd0                C3Di_SetTex
 .text.C3D_UpdateUniforms
                0x0011011c      0x290 C:/devkitPro/libctru/lib\libcitro3d.a(uniforms.o)
                0x0011011c                C3D_UpdateUniforms
 .text.C3Di_DirtyUniforms
                0x001103ac       0xc0 C:/devkitPro/libctru/lib\libcitro3d.a(uniforms.o)
                0x001103ac                C3Di_DirtyUniforms
 .text.C3Di_LoadShaderUniforms
                0x0011046c       0xd8 C:/devkitPro/libctru/lib\libcitro3d.a(uniforms.o)
                0x0011046c                C3Di_LoadShaderUniforms
 .text.C3Di_ClearShaderUniforms
                0x00110544       0x28 C:/devkitPro/libctru/lib\libcitro3d.a(uniforms.o)
                0x00110544                C3Di_ClearShaderUniforms
 .text.Mtx_Inverse
                0x0011056c      0x360 C:/devkitPro/libctru/lib\libcitro3d.a(mtx_inverse.o)
                0x0011056c                Mtx_Inverse
 .text.Mtx_Multiply
                0x001108cc       0xb8 C:/devkitPro/libctru/lib\libcitro3d.a(mtx_multiply.o)
                0x001108cc                Mtx_Multiply
 .text.Mtx_MultiplyFVec4
                0x00110984       0x9c C:/devkitPro/libctru/lib\libcitro3d.a(mtx_multiplyfvec4.o)
                0x00110984                Mtx_MultiplyFVec4
 .text.Mtx_Ortho
                0x00110a20       0xcc C:/devkitPro/libctru/lib\libcitro3d.a(mtx_ortho.o)
                0x00110a20                Mtx_Ortho
 .text.Mtx_OrthoTilt
                0x00110aec       0xcc C:/devkitPro/libctru/lib\libcitro3d.a(mtx_orthotilt.o)
                0x00110aec                Mtx_OrthoTilt
 .text.Mtx_Persp
                0x00110bb8       0x90 C:/devkitPro/libctru/lib\libcitro3d.a(mtx_persp.o)
                0x00110bb8                Mtx_Persp
 .text.Mtx_PerspTilt
                0x00110c48       0x94 C:/devkitPro/libctru/lib\libcitro3d.a(mtx_persptilt.o)
                0x00110c48                Mtx_PerspTilt
 .text.Mtx_RotateX
                0x00110cdc       0xa4 C:/devkitPro/libctru/lib\libcitro3d.a(mtx_rotatex.o)
                0x00110cdc                Mtx_RotateX
 .text.Mtx_RotateY
                0x00110d80       0xa0 C:/devkitPro/libctru/lib\libcitro3d.a(mtx_rotatey.o)
                0x00110d80                Mtx_RotateY
 .text.Mtx_Scale
                0x00110e20       0x38 C:/devkitPro/libctru/lib\libcitro3d.a(mtx_scale.o)
                0x00110e20                Mtx_Scale
 .text.Mtx_Translate
                0x00110e58       0xa4 C:/devkitPro/libctru/lib\libcitro3d.a(mtx_translate.o)
                0x00110e58                Mtx_Translate
 .text._ZL21addrMapNodeComparatorPK11rbtree_nodeS1_
                0x00110efc       0x24 C:/devkitPro/libctru/lib\libctru.a(linear.o)
 .text._ZL21addrMapNodeDestructorP11rbtree_node
                0x00110f20        0x4 C:/devkitPro/libctru/lib\libctru.a(linear.o)
 .text.linearMemAlign
                0x00110f24      0x12c C:/devkitPro/libctru/lib\libctru.a(linear.o)
                0x00110f24                linearMemAlign
 .text.linearAlloc
                0x00111050        0x8 C:/devkitPro/libctru/lib\libctru.a(linear.o)
                0x00111050                linearAlloc
 .text.linearFree
                0x00111058       0x5c C:/devkitPro/libctru/lib\libctru.a(linear.o)
                0x00111058                linearFree
 .text.linearSpaceFree
                0x001110b4        0xc C:/devkitPro/libctru/lib\libctru.a(linear.o)
                0x001110b4                linearSpaceFree
 .text._ZN7MemPool13CoalesceRightEP8MemBlock
                0x001110c0       0x88 C:/devkitPro/libctru/lib\libctru.a(mem_pool.o)
                0x001110c0                MemPool::CoalesceRight(MemBlock*)
 .text._ZN7MemPool8AllocateER8MemChunkmi
                0x00111148      0x178 C:/devkitPro/libctru/lib\libctru.a(mem_pool.o)
                0x00111148                MemPool::Allocate(MemChunk&, unsigned long, int)
 .text._ZN7MemPool10DeallocateERK8MemChunk
                0x001112c0      0x118 C:/devkitPro/libctru/lib\libctru.a(mem_pool.o)
                0x001112c0                MemPool::Deallocate(MemChunk const&)
 .text._ZN7MemPool12GetFreeSpaceEv
                0x001113d8       0x30 C:/devkitPro/libctru/lib\libctru.a(mem_pool.o)
                0x001113d8                MemPool::GetFreeSpace()
 .text._ZL21addrMapNodeComparatorPK11rbtree_nodeS1_
                0x00111408       0x24 C:/devkitPro/libctru/lib\libctru.a(vram.o)
 .text._ZL21addrMapNodeDestructorP11rbtree_node
                0x0011142c        0x4 C:/devkitPro/libctru/lib\libctru.a(vram.o)
 .text.vramMemAlignAt
                0x00111430      0x248 C:/devkitPro/libctru/lib\libctru.a(vram.o)
                0x00111430                vramMemAlignAt
 .text.vramAlloc
                0x00111678        0xc C:/devkitPro/libctru/lib\libctru.a(vram.o)
                0x00111678                vramAlloc
 .text.vramAllocAt
                0x00111684        0xc C:/devkitPro/libctru/lib\libctru.a(vram.o)
                0x00111684                vramAllocAt
 .text.vramFree
                0x00111690       0x94 C:/devkitPro/libctru/lib\libctru.a(vram.o)
                0x00111690                vramFree
 .text.vramSpaceFree
                0x00111724       0x28 C:/devkitPro/libctru/lib\libctru.a(vram.o)
                0x00111724                vramSpaceFree
 .text.consoleDrawChar
                0x0011174c      0x1c8 C:/devkitPro/libctru/lib\libctru.a(console.o)
                0x0011174c                consoleDrawChar
 .text.consolePrintChar
                0x00111914      0x170 C:/devkitPro/libctru/lib\libctru.a(console.o)
                0x00111914                consolePrintChar
 .text.con_write
                0x00111a84      0xcc8 C:/devkitPro/libctru/lib\libctru.a(console.o)
                0x00111a84                con_write
 .text.newRow   0x0011274c       0xfc C:/devkitPro/libctru/lib\libctru.a(console.o)
 .text.consoleInit
                0x00112848      0x180 C:/devkitPro/libctru/lib\libctru.a(console.o)
                0x00112848                consoleInit
 .text.fontEnsureMapped
                0x001129c8       0x9c C:/devkitPro/libctru/lib\libctru.a(font.o)
                0x001129c8                fontEnsureMapped
 .text.fontGlyphIndexFromCodePoint
                0x00112a64      0x100 C:/devkitPro/libctru/lib\libctru.a(font.o)
                0x00112a64                fontGlyphIndexFromCodePoint
 .text.fontCalcGlyphPos
                0x00112b64      0x214 C:/devkitPro/libctru/lib\libctru.a(font.o)
                0x00112b64                fontCalcGlyphPos
 .text.gfxPresentFramebuffer
                0x00112d78       0xcc C:/devkitPro/libctru/lib\libctru.a(gfx.o)
 .text.gfxIsWide
                0x00112e44       0x1c C:/devkitPro/libctru/lib\libctru.a(gfx.o)
                0x00112e44                gfxIsWide
 .text.gfxSetScreenFormat
                0x00112e60       0xf8 C:/devkitPro/libctru/lib\libctru.a(gfx.o)
                0x00112e60                gfxSetScreenFormat
 .text.gfxSetDoubleBuffering
                0x00112f58       0x10 C:/devkitPro/libctru/lib\libctru.a(gfx.o)
                0x00112f58                gfxSetDoubleBuffering
 .text.gfxInit  0x00112f68       0xd8 C:/devkitPro/libctru/lib\libctru.a(gfx.o)
                0x00112f68                gfxInit
 .text.gfxInitDefault
                0x00113040       0x10 C:/devkitPro/libctru/lib\libctru.a(gfx.o)
                0x00113040                gfxInitDefault
 .text.gfxExit  0x00113050       0xb8 C:/devkitPro/libctru/lib\libctru.a(gfx.o)
                0x00113050                gfxExit
 .text.gfxGetFramebuffer
                0x00113108       0xa0 C:/devkitPro/libctru/lib\libctru.a(gfx.o)
                0x00113108                gfxGetFramebuffer
 .text.gfxFlushBuffers
                0x001131a8      0x100 C:/devkitPro/libctru/lib\libctru.a(gfx.o)
                0x001131a8                gfxFlushBuffers
 .text.gfxScreenSwapBuffers
                0x001132a8       0x28 C:/devkitPro/libctru/lib\libctru.a(gfx.o)
                0x001132a8                gfxScreenSwapBuffers
 .text.gfxSwapBuffersGpu
                0x001132d0       0x50 C:/devkitPro/libctru/lib\libctru.a(gfx.o)
                0x001132d0                gfxSwapBuffersGpu
 .text.osConvertVirtToPhys
                0x00113320       0x74 C:/devkitPro/libctru/lib\libctru.a(os.o)
                0x00113320                osConvertVirtToPhys
 .text.osGetTimeRef
                0x00113394       0x54 C:/devkitPro/libctru/lib\libctru.a(os.o)
                0x00113394                osGetTimeRef
 .text.osGetTime
                0x001133e8       0xec C:/devkitPro/libctru/lib\libctru.a(os.o)
                0x001133e8                osGetTime
 .text.__ctru_speedup_config
                0x001134d4       0x34 C:/devkitPro/libctru/lib\libctru.a(os.o)
                0x001134d4                __ctru_speedup_config
 .text.GPUCMD_Add
                0x00113508      0x13c C:/devkitPro/libctru/lib\libctru.a(gpu.o)
                0x00113508                GPUCMD_Add
 .text.GPUCMD_Split
                0x00113644       0xb0 C:/devkitPro/libctru/lib\libctru.a(gpu.o)
                0x00113644                GPUCMD_Split
 .text.f32tof16
                0x001136f4       0x34 C:/devkitPro/libctru/lib\libctru.a(gpu.o)
                0x001136f4                f32tof16
 .text.f32tof24
                0x00113728       0x34 C:/devkitPro/libctru/lib\libctru.a(gpu.o)
                0x00113728                f32tof24
 .text.f32tof31
                0x0011375c       0x38 C:/devkitPro/libctru/lib\libctru.a(gpu.o)
                0x0011375c                f32tof31
 .text.GX_BindQueue
                0x00113794       0x10 C:/devkitPro/libctru/lib\libctru.a(gx.o)
                0x00113794                GX_BindQueue
 .text.GX_ProcessCommandList
                0x001137a4       0x7c C:/devkitPro/libctru/lib\libctru.a(gx.o)
                0x001137a4                GX_ProcessCommandList
 .text.GX_MemoryFill
                0x00113820       0x74 C:/devkitPro/libctru/lib\libctru.a(gx.o)
                0x00113820                GX_MemoryFill
 .text.GX_DisplayTransfer
                0x00113894       0x74 C:/devkitPro/libctru/lib\libctru.a(gx.o)
                0x00113894                GX_DisplayTransfer
 .text.gxCmdQueueDoCommands.part.0
                0x00113908       0x64 C:/devkitPro/libctru/lib\libctru.a(gxqueue.o)
 .text.gxCmdQueueInterrupt
                0x0011396c       0xe4 C:/devkitPro/libctru/lib\libctru.a(gxqueue.o)
                0x0011396c                gxCmdQueueInterrupt
 .text.gxCmdQueueClear
                0x00113a50       0x68 C:/devkitPro/libctru/lib\libctru.a(gxqueue.o)
                0x00113a50                gxCmdQueueClear
 .text.gxCmdQueueAdd
                0x00113ab8      0x108 C:/devkitPro/libctru/lib\libctru.a(gxqueue.o)
                0x00113ab8                gxCmdQueueAdd
 .text.gxCmdQueueRun
                0x00113bc0       0x80 C:/devkitPro/libctru/lib\libctru.a(gxqueue.o)
                0x00113bc0                gxCmdQueueRun
 .text.gxCmdQueueStop
                0x00113c40       0x64 C:/devkitPro/libctru/lib\libctru.a(gxqueue.o)
                0x00113c40                gxCmdQueueStop
 .text.gxCmdQueueWait
                0x00113ca4       0xac C:/devkitPro/libctru/lib\libctru.a(gxqueue.o)
                0x00113ca4                gxCmdQueueWait
 .text.shaderInstanceInit
                0x00113d50      0x1e0 C:/devkitPro/libctru/lib\libctru.a(shaderProgram.o)
                0x00113d50                shaderInstanceInit
 .text.shaderInstanceGetUniformLocation
                0x00113f30       0x18 C:/devkitPro/libctru/lib\libctru.a(shaderProgram.o)
                0x00113f30                shaderInstanceGetUniformLocation
 .text.shaderProgramInit
                0x00113f48       0x1c C:/devkitPro/libctru/lib\libctru.a(shaderProgram.o)
                0x00113f48                shaderProgramInit
 .text.shaderProgramFree
                0x00113f64       0x74 C:/devkitPro/libctru/lib\libctru.a(shaderProgram.o)
                0x00113f64                shaderProgramFree
 .text.shaderProgramSetVsh
                0x00113fd8       0x94 C:/devkitPro/libctru/lib\libctru.a(shaderProgram.o)
                0x00113fd8                shaderProgramSetVsh
 .text.shaderProgramConfigure
                0x0011406c      0x8d0 C:/devkitPro/libctru/lib\libctru.a(shaderProgram.o)
                0x0011406c                shaderProgramConfigure
 .text.DVLE_GenerateOutmap.part.0
                0x0011493c      0x1dc C:/devkitPro/libctru/lib\libctru.a(shbin.o)
 .text.DVLB_ParseFile
                0x00114b18      0x1ac C:/devkitPro/libctru/lib\libctru.a(shbin.o)
                0x00114b18                DVLB_ParseFile
 .text.DVLB_Free
                0x00114cc4       0x50 C:/devkitPro/libctru/lib\libctru.a(shbin.o)
                0x00114cc4                DVLB_Free
 .text.DVLE_GetUniformRegister
                0x00114d14       0x74 C:/devkitPro/libctru/lib\libctru.a(shbin.o)
                0x00114d14                DVLE_GetUniformRegister
 .text.aptConvertScreenForCapture
                0x00114d88      0x180 C:/devkitPro/libctru/lib\libctru.a(apt.o)
 .text.aptDspSleep
                0x00114f08        0x8 C:/devkitPro/libctru/lib\libctru.a(apt.o)
                0x00114f08                aptDspSleep
 .text.aptDspWakeup
                0x00114f10        0x4 C:/devkitPro/libctru/lib\libctru.a(apt.o)
                0x00114f10                aptDspWakeup
 .text.aptDspCancel
                0x00114f14        0x4 C:/devkitPro/libctru/lib\libctru.a(apt.o)
                0x00114f14                aptDspCancel
 .text.aptSendCommand
                0x00114f18      0x138 C:/devkitPro/libctru/lib\libctru.a(apt.o)
                0x00114f18                aptSendCommand
 .text.aptExitProcess
                0x00115050       0x44 C:/devkitPro/libctru/lib\libctru.a(apt.o)
 .text.aptExit  0x00115094      0x394 C:/devkitPro/libctru/lib\libctru.a(apt.o)
                0x00115094                aptExit
 .text.aptHandleSleep
                0x00115428       0xd8 C:/devkitPro/libctru/lib\libctru.a(apt.o)
                0x00115428                aptHandleSleep
 .text.aptHook  0x00115500       0x34 C:/devkitPro/libctru/lib\libctru.a(apt.o)
                0x00115500                aptHook
 .text.aptUnhook
                0x00115534       0x30 C:/devkitPro/libctru/lib\libctru.a(apt.o)
                0x00115534                aptUnhook
 .text.APT_SleepIfShellClosed
                0x00115564       0x84 C:/devkitPro/libctru/lib\libctru.a(apt.o)
                0x00115564                APT_SleepIfShellClosed
 .text.aptSetSleepAllowed
                0x001155e8       0x78 C:/devkitPro/libctru/lib\libctru.a(apt.o)
                0x001155e8                aptSetSleepAllowed
 .text.APT_UnlockTransition
                0x00115660       0x84 C:/devkitPro/libctru/lib\libctru.a(apt.o)
                0x00115660                APT_UnlockTransition
 *fill*         0x001156e4        0x4 
 .text.aptEventHandler
                0x001156e8      0x470 C:/devkitPro/libctru/lib\libctru.a(apt.o)
 .text.APT_ReceiveParameter
                0x00115b58       0xbc C:/devkitPro/libctru/lib\libctru.a(apt.o)
                0x00115b58                APT_ReceiveParameter
 .text.aptReceiveParameter.constprop.0
                0x00115c14       0xb0 C:/devkitPro/libctru/lib\libctru.a(apt.o)
 *fill*         0x00115cc4        0x4 
 .text.aptScreenTransfer
                0x00115cc8      0x294 C:/devkitPro/libctru/lib\libctru.a(apt.o)
 .text.aptWaitForWakeUp.isra.0
                0x00115f5c      0x2d0 C:/devkitPro/libctru/lib\libctru.a(apt.o)
 .text.aptJumpToHomeMenu
                0x0011622c       0xf4 C:/devkitPro/libctru/lib\libctru.a(apt.o)
                0x0011622c                aptJumpToHomeMenu
 .text.aptMainLoop
                0x00116320       0x58 C:/devkitPro/libctru/lib\libctru.a(apt.o)
                0x00116320                aptMainLoop
 .text.aptInit  0x00116378      0x240 C:/devkitPro/libctru/lib\libctru.a(apt.o)
                0x00116378                aptInit
 .text.APT_CheckNew3DS
                0x001165b8       0x90 C:/devkitPro/libctru/lib\libctru.a(apt.o)
                0x001165b8                APT_CheckNew3DS
 .text.APT_GetSharedFont
                0x00116648       0x48 C:/devkitPro/libctru/lib\libctru.a(apt.o)
                0x00116648                APT_GetSharedFont
 .text.fsInit   0x00116690      0x104 C:/devkitPro/libctru/lib\libctru.a(fs.o)
                0x00116690                fsInit
 .text.fsExit   0x00116794       0x3c C:/devkitPro/libctru/lib\libctru.a(fs.o)
                0x00116794                fsExit
 .text.fsExemptFromSession
                0x001167d0       0x68 C:/devkitPro/libctru/lib\libctru.a(fs.o)
                0x001167d0                fsExemptFromSession
 .text.fsUnexemptFromSession
                0x00116838       0x50 C:/devkitPro/libctru/lib\libctru.a(fs.o)
                0x00116838                fsUnexemptFromSession
 .text.FSUSER_OpenFile
                0x00116888       0xcc C:/devkitPro/libctru/lib\libctru.a(fs.o)
                0x00116888                FSUSER_OpenFile
 .text.FSUSER_DeleteFile
                0x00116954       0xb8 C:/devkitPro/libctru/lib\libctru.a(fs.o)
                0x00116954                FSUSER_DeleteFile
 .text.FSUSER_RenameFile
                0x00116a0c       0xf4 C:/devkitPro/libctru/lib\libctru.a(fs.o)
                0x00116a0c                FSUSER_RenameFile
 .text.FSUSER_DeleteDirectory
                0x00116b00       0xb8 C:/devkitPro/libctru/lib\libctru.a(fs.o)
                0x00116b00                FSUSER_DeleteDirectory
 .text.FSUSER_CreateFile
                0x00116bb8       0xd0 C:/devkitPro/libctru/lib\libctru.a(fs.o)
                0x00116bb8                FSUSER_CreateFile
 .text.FSUSER_CreateDirectory
                0x00116c88       0xc0 C:/devkitPro/libctru/lib\libctru.a(fs.o)
                0x00116c88                FSUSER_CreateDirectory
 .text.FSUSER_RenameDirectory
                0x00116d48       0xf4 C:/devkitPro/libctru/lib\libctru.a(fs.o)
                0x00116d48                FSUSER_RenameDirectory
 .text.FSUSER_OpenDirectory
                0x00116e3c       0xb4 C:/devkitPro/libctru/lib\libctru.a(fs.o)
                0x00116e3c                FSUSER_OpenDirectory
 .text.FSUSER_OpenArchive
                0x00116ef0       0x90 C:/devkitPro/libctru/lib\libctru.a(fs.o)
                0x00116ef0                FSUSER_OpenArchive
 .text.FSUSER_CloseArchive
                0x00116f80       0x8c C:/devkitPro/libctru/lib\libctru.a(fs.o)
                0x00116f80                FSUSER_CloseArchive
 .text.FSUSER_GetSdmcArchiveResource
                0x0011700c       0x74 C:/devkitPro/libctru/lib\libctru.a(fs.o)
                0x0011700c                FSUSER_GetSdmcArchiveResource
 .text.FSUSER_IsSdmcWritable
                0x00117080       0x64 C:/devkitPro/libctru/lib\libctru.a(fs.o)
                0x00117080                FSUSER_IsSdmcWritable
 .text.FSFILE_Read
                0x001170e4       0x64 C:/devkitPro/libctru/lib\libctru.a(fs.o)
                0x001170e4                FSFILE_Read
 .text.FSFILE_Write
                0x00117148       0x6c C:/devkitPro/libctru/lib\libctru.a(fs.o)
                0x00117148                FSFILE_Write
 .text.FSFILE_GetSize
                0x001171b4       0x44 C:/devkitPro/libctru/lib\libctru.a(fs.o)
                0x001171b4                FSFILE_GetSize
 .text.FSFILE_SetSize
                0x001171f8       0x28 C:/devkitPro/libctru/lib\libctru.a(fs.o)
                0x001171f8                FSFILE_SetSize
 .text.FSFILE_Close
                0x00117220       0x3c C:/devkitPro/libctru/lib\libctru.a(fs.o)
                0x00117220                FSFILE_Close
 .text.FSFILE_Flush
                0x0011725c       0x24 C:/devkitPro/libctru/lib\libctru.a(fs.o)
                0x0011725c                FSFILE_Flush
 .text.FSDIR_Read
                0x00117280       0x60 C:/devkitPro/libctru/lib\libctru.a(fs.o)
                0x00117280                FSDIR_Read
 .text.FSDIR_Close
                0x001172e0       0x3c C:/devkitPro/libctru/lib\libctru.a(fs.o)
                0x001172e0                FSDIR_Close
 .text.gspHardwareInit
                0x0011731c      0xc70 C:/devkitPro/libctru/lib\libctru.a(gspgpu.o)
 .text.gspInit  0x00117f8c      0x288 C:/devkitPro/libctru/lib\libctru.a(gspgpu.o)
                0x00117f8c                gspInit
 .text.gspExit  0x00118214      0x104 C:/devkitPro/libctru/lib\libctru.a(gspgpu.o)
                0x00118214                gspExit
 .text.gspHasGpuRight
                0x00118318       0x10 C:/devkitPro/libctru/lib\libctru.a(gspgpu.o)
                0x00118318                gspHasGpuRight
 .text.gspPresentBuffer
                0x00118328       0xa4 C:/devkitPro/libctru/lib\libctru.a(gspgpu.o)
                0x00118328                gspPresentBuffer
 .text.gspSetEventCallback
                0x001183cc       0x30 C:/devkitPro/libctru/lib\libctru.a(gspgpu.o)
                0x001183cc                gspSetEventCallback
 .text.gspWaitForEvent
                0x001183fc       0x50 C:/devkitPro/libctru/lib\libctru.a(gspgpu.o)
                0x001183fc                gspWaitForEvent
 .text.gspWaitForAnyEvent
                0x0011844c       0x4c C:/devkitPro/libctru/lib\libctru.a(gspgpu.o)
                0x0011844c                gspWaitForAnyEvent
 .text.gspEventThreadMain
                0x00118498      0x154 C:/devkitPro/libctru/lib\libctru.a(gspgpu.o)
 .text.gspSubmitGxCommand
                0x001185ec      0x12c C:/devkitPro/libctru/lib\libctru.a(gspgpu.o)
                0x001185ec                gspSubmitGxCommand
 .text.GSPGPU_FlushDataCache
                0x00118718       0x50 C:/devkitPro/libctru/lib\libctru.a(gspgpu.o)
                0x00118718                GSPGPU_FlushDataCache
 .text.GSPGPU_SetLcdForceBlack
                0x00118768       0x34 C:/devkitPro/libctru/lib\libctru.a(gspgpu.o)
                0x00118768                GSPGPU_SetLcdForceBlack
 .text.GSPGPU_AcquireRight
                0x0011879c       0x84 C:/devkitPro/libctru/lib\libctru.a(gspgpu.o)
                0x0011879c                GSPGPU_AcquireRight
 .text.GSPGPU_ReleaseRight
                0x00118820       0x64 C:/devkitPro/libctru/lib\libctru.a(gspgpu.o)
                0x00118820                GSPGPU_ReleaseRight
 .text.GSPGPU_ImportDisplayCaptureInfo
                0x00118884       0x7c C:/devkitPro/libctru/lib\libctru.a(gspgpu.o)
                0x00118884                GSPGPU_ImportDisplayCaptureInfo
 .text.GSPGPU_SaveVramSysArea
                0x00118900       0x2c C:/devkitPro/libctru/lib\libctru.a(gspgpu.o)
                0x00118900                GSPGPU_SaveVramSysArea
 .text.GSPGPU_RestoreVramSysArea
                0x0011892c       0x2c C:/devkitPro/libctru/lib\libctru.a(gspgpu.o)
                0x0011892c                GSPGPU_RestoreVramSysArea
 .text.hidShouldUseIrrst
                0x00118958       0x24 C:/devkitPro/libctru/lib\libctru.a(hid.o)
                0x00118958                hidShouldUseIrrst
 .text.hidInit  0x0011897c      0x1cc C:/devkitPro/libctru/lib\libctru.a(hid.o)
                0x0011897c                hidInit
 .text.hidExit  0x00118b48       0xe8 C:/devkitPro/libctru/lib\libctru.a(hid.o)
                0x00118b48                hidExit
 .text.hidScanInput
                0x00118c30      0x2a0 C:/devkitPro/libctru/lib\libctru.a(hid.o)
                0x00118c30                hidScanInput
 .text.hidKeysHeld
                0x00118ed0       0x10 C:/devkitPro/libctru/lib\libctru.a(hid.o)
                0x00118ed0                hidKeysHeld
 .text.hidKeysDown
                0x00118ee0       0x10 C:/devkitPro/libctru/lib\libctru.a(hid.o)
                0x00118ee0                hidKeysDown
 .text.hidKeysUp
                0x00118ef0       0x10 C:/devkitPro/libctru/lib\libctru.a(hid.o)
                0x00118ef0                hidKeysUp
 .text.hidTouchRead
                0x00118f00       0x18 C:/devkitPro/libctru/lib\libctru.a(hid.o)
                0x00118f00                hidTouchRead
 .text.hidCircleRead
                0x00118f18       0x18 C:/devkitPro/libctru/lib\libctru.a(hid.o)
                0x00118f18                hidCircleRead
 .text.irrstInit
                0x00118f30      0x1a4 C:/devkitPro/libctru/lib\libctru.a(irrst.o)
                0x00118f30                irrstInit
 .text.irrstExit
                0x001190d4       0xdc C:/devkitPro/libctru/lib\libctru.a(irrst.o)
                0x001190d4                irrstExit
 .text.irrstScanInput
                0x001191b0       0xb4 C:/devkitPro/libctru/lib\libctru.a(irrst.o)
                0x001191b0                irrstScanInput
 .text.irrstKeysHeld
                0x00119264       0x24 C:/devkitPro/libctru/lib\libctru.a(irrst.o)
                0x00119264                irrstKeysHeld
 .text.ptmSysmInit
                0x00119288       0x78 C:/devkitPro/libctru/lib\libctru.a(ptmsysm.o)
                0x00119288                ptmSysmInit
 .text.ptmSysmExit
                0x00119300       0x3c C:/devkitPro/libctru/lib\libctru.a(ptmsysm.o)
                0x00119300                ptmSysmExit
 .text.PTMSYSM_ConfigureNew3DSCPU
                0x0011933c       0x34 C:/devkitPro/libctru/lib\libctru.a(ptmsysm.o)
                0x0011933c                PTMSYSM_ConfigureNew3DSCPU
 .text.rbtree_find
                0x00119370       0x74 C:/devkitPro/libctru/lib\libctru.a(rbtree_find.o)
                0x00119370                rbtree_find
 .text.rbtree_init
                0x001193e4       0x10 C:/devkitPro/libctru/lib\libctru.a(rbtree_init.o)
                0x001193e4                rbtree_init
 .text.do_insert
                0x001193f4      0x198 C:/devkitPro/libctru/lib\libctru.a(rbtree_insert.o)
 .text.rbtree_insert
                0x0011958c        0x8 C:/devkitPro/libctru/lib\libctru.a(rbtree_insert.o)
                0x0011958c                rbtree_insert
 .text.rbtree_remove
                0x00119594      0x310 C:/devkitPro/libctru/lib\libctru.a(rbtree_remove.o)
                0x00119594                rbtree_remove
 .text.rbtree_rotate
                0x001198a4       0x90 C:/devkitPro/libctru/lib\libctru.a(rbtree_rotate.o)
                0x001198a4                rbtree_rotate
 .text.decode_utf8
                0x00119934      0x140 C:/devkitPro/libctru/lib\libctru.a(decode_utf8.o)
                0x00119934                decode_utf8
 .text.utf16_to_utf8
                0x00119a74       0xe8 C:/devkitPro/libctru/lib\libctru.a(utf16_to_utf8.o)
                0x00119a74                utf16_to_utf8
 .text.utf8_to_utf16
                0x00119b5c       0xc0 C:/devkitPro/libctru/lib\libctru.a(utf8_to_utf16.o)
                0x00119b5c                utf8_to_utf16
 *fill*         0x00119c1c        0x4 
 .text.__system_allocateHeaps
                0x00119c20      0x1e8 C:/devkitPro/libctru/lib\libctru.a(allocateHeaps.o)
                0x00119c20                __system_allocateHeaps
 .text.__libctru_init
                0x00119e08       0x38 C:/devkitPro/libctru/lib\libctru.a(ctru_init.o)
                0x00119e08                __libctru_init
 .text.__system_initArgv
                0x00119e40      0x16c C:/devkitPro/libctru/lib\libctru.a(initArgv.o)
                0x00119e40                __system_initArgv
 .text.__syscall_getreent
                0x00119fac       0x30 C:/devkitPro/libctru/lib\libctru.a(syscalls.o)
                0x00119fac                __syscall_getreent
 .text.__syscall_lock_acquire
                0x00119fdc        0x4 C:/devkitPro/libctru/lib\libctru.a(syscalls.o)
                0x00119fdc                __syscall_lock_acquire
 .text.__syscall_lock_release
                0x00119fe0        0x4 C:/devkitPro/libctru/lib\libctru.a(syscalls.o)
                0x00119fe0                __syscall_lock_release
 .text.__syscall_lock_acquire_recursive
                0x00119fe4        0x4 C:/devkitPro/libctru/lib\libctru.a(syscalls.o)
                0x00119fe4                __syscall_lock_acquire_recursive
 .text.__syscall_lock_release_recursive
                0x00119fe8        0x4 C:/devkitPro/libctru/lib\libctru.a(syscalls.o)
                0x00119fe8                __syscall_lock_release_recursive
 .text.__syscall_exit
                0x00119fec        0x4 C:/devkitPro/libctru/lib\libctru.a(syscalls.o)
                0x00119fec                __syscall_exit
 .text.initThreadVars
                0x00119ff0       0x54 C:/devkitPro/libctru/lib\libctru.a(syscalls.o)
                0x00119ff0                initThreadVars
 .text.__system_initSyscalls
                0x0011a044       0x80 C:/devkitPro/libctru/lib\libctru.a(syscalls.o)
                0x0011a044                __system_initSyscalls
 .text.svcControlMemory
                0x0011a0c4       0x20 C:/devkitPro/libctru/lib\libctru.a(svc.o)
                0x0011a0c4                svcControlMemory
 .text.svcQueryMemory
                0x0011a0e4       0x30 C:/devkitPro/libctru/lib\libctru.a(svc.o)
                0x0011a0e4                svcQueryMemory
 .text.svcExitProcess
                0x0011a114        0x8 C:/devkitPro/libctru/lib\libctru.a(svc.o)
                0x0011a114                svcExitProcess
 .text.svcCreateThread
                0x0011a11c       0x20 C:/devkitPro/libctru/lib\libctru.a(svc.o)
                0x0011a11c                svcCreateThread
 .text.svcExitThread
                0x0011a13c        0x8 C:/devkitPro/libctru/lib\libctru.a(svc.o)
                0x0011a13c                svcExitThread
 .text.svcSleepThread
                0x0011a144        0x8 C:/devkitPro/libctru/lib\libctru.a(svc.o)
                0x0011a144                svcSleepThread
 .text.svcReleaseMutex
                0x0011a14c        0x8 C:/devkitPro/libctru/lib\libctru.a(svc.o)
                0x0011a14c                svcReleaseMutex
 .text.svcCreateEvent
                0x0011a154       0x14 C:/devkitPro/libctru/lib\libctru.a(svc.o)
                0x0011a154                svcCreateEvent
 .text.svcSignalEvent
                0x0011a168        0x8 C:/devkitPro/libctru/lib\libctru.a(svc.o)
                0x0011a168                svcSignalEvent
 .text.svcClearEvent
                0x0011a170        0x8 C:/devkitPro/libctru/lib\libctru.a(svc.o)
                0x0011a170                svcClearEvent
 .text.svcMapMemoryBlock
                0x0011a178        0x8 C:/devkitPro/libctru/lib\libctru.a(svc.o)
                0x0011a178                svcMapMemoryBlock
 .text.svcUnmapMemoryBlock
                0x0011a180        0x8 C:/devkitPro/libctru/lib\libctru.a(svc.o)
                0x0011a180                svcUnmapMemoryBlock
 .text.svcCreateAddressArbiter
                0x0011a188       0x14 C:/devkitPro/libctru/lib\libctru.a(svc.o)
                0x0011a188                svcCreateAddressArbiter
 .text.svcArbitrateAddressNoTimeout
                0x0011a19c        0x8 C:/devkitPro/libctru/lib\libctru.a(svc.o)
                0x0011a19c                svcArbitrateAddressNoTimeout
 .text.svcCloseHandle
                0x0011a1a4        0x8 C:/devkitPro/libctru/lib\libctru.a(svc.o)
                0x0011a1a4                svcCloseHandle
 .text.svcWaitSynchronization
                0x0011a1ac        0x8 C:/devkitPro/libctru/lib\libctru.a(svc.o)
                0x0011a1ac                svcWaitSynchronization
 .text.svcWaitSynchronizationN
                0x0011a1b4       0x28 C:/devkitPro/libctru/lib\libctru.a(svc.o)
                0x0011a1b4                svcWaitSynchronizationN
 .text.svcDuplicateHandle
                0x0011a1dc       0x14 C:/devkitPro/libctru/lib\libctru.a(svc.o)
                0x0011a1dc                svcDuplicateHandle
 .text.svcGetSystemTick
                0x0011a1f0        0x8 C:/devkitPro/libctru/lib\libctru.a(svc.o)
                0x0011a1f0                svcGetSystemTick
 .text.svcConnectToPort
                0x0011a1f8       0x14 C:/devkitPro/libctru/lib\libctru.a(svc.o)
                0x0011a1f8                svcConnectToPort
 .text.svcSendSyncRequest
                0x0011a20c        0x8 C:/devkitPro/libctru/lib\libctru.a(svc.o)
                0x0011a20c                svcSendSyncRequest
 .text.svcGetResourceLimit
                0x0011a214       0x14 C:/devkitPro/libctru/lib\libctru.a(svc.o)
                0x0011a214                svcGetResourceLimit
 .text.svcGetResourceLimitLimitValues
                0x0011a228        0x8 C:/devkitPro/libctru/lib\libctru.a(svc.o)
                0x0011a228                svcGetResourceLimitLimitValues
 .text.svcGetResourceLimitCurrentValues
                0x0011a230        0x8 C:/devkitPro/libctru/lib\libctru.a(svc.o)
                0x0011a230                svcGetResourceLimitCurrentValues
 .text.svcBreak
                0x0011a238        0x8 C:/devkitPro/libctru/lib\libctru.a(svc.o)
                0x0011a238                svcBreak
 .text.__aeabi_read_tp
                0x0011a240        0xc C:/devkitPro/libctru/lib\libctru.a(readtp.o)
                0x0011a240                __aeabi_read_tp
 .text.initSystem
                0x0011a24c       0x50 C:/devkitPro/libctru/lib\libctru.a(stack_adjust.o)
                0x0011a24c                initSystem
 .text.__ctru_exit
                0x0011a29c       0x14 C:/devkitPro/libctru/lib\libctru.a(stack_adjust.o)
                0x0011a29c                __ctru_exit
 .text.envGetHandle
                0x0011a2b0       0x8c C:/devkitPro/libctru/lib\libctru.a(env.o)
                0x0011a2b0                envGetHandle
 .text.envDestroyHandles
                0x0011a33c       0x50 C:/devkitPro/libctru/lib\libctru.a(env.o)
                0x0011a33c                envDestroyHandles
 .text.srvInit  0x0011a38c      0x164 C:/devkitPro/libctru/lib\libctru.a(srv.o)
                0x0011a38c                srvInit
 .text.srvExit  0x0011a4f0       0x64 C:/devkitPro/libctru/lib\libctru.a(srv.o)
                0x0011a4f0                srvExit
 .text.srvEnableNotification
                0x0011a554       0x60 C:/devkitPro/libctru/lib\libctru.a(srv.o)
                0x0011a554                srvEnableNotification
 .text.srvGetServiceHandleDirect
                0x0011a5b4       0xa0 C:/devkitPro/libctru/lib\libctru.a(srv.o)
                0x0011a5b4                srvGetServiceHandleDirect
 .text.srvGetServiceHandle
                0x0011a654       0x48 C:/devkitPro/libctru/lib\libctru.a(srv.o)
                0x0011a654                srvGetServiceHandle
 .text.srvSubscribe
                0x0011a69c       0x34 C:/devkitPro/libctru/lib\libctru.a(srv.o)
                0x0011a69c                srvSubscribe
 .text.srvReceiveNotification
                0x0011a6d0       0x60 C:/devkitPro/libctru/lib\libctru.a(srv.o)
                0x0011a6d0                srvReceiveNotification
 .text.srvPublishToSubscriber
                0x0011a730       0x38 C:/devkitPro/libctru/lib\libctru.a(srv.o)
                0x0011a730                srvPublishToSubscriber
 .text.__sync_init
                0x0011a768        0xc C:/devkitPro/libctru/lib\libctru.a(synchronization.o)
                0x0011a768                __sync_init
 .text.__sync_fini
                0x0011a774       0x18 C:/devkitPro/libctru/lib\libctru.a(synchronization.o)
                0x0011a774                __sync_fini
 .text.syncArbitrateAddress
                0x0011a78c       0x28 C:/devkitPro/libctru/lib\libctru.a(synchronization.o)
                0x0011a78c                syncArbitrateAddress
 .text.LightLock_Lock
                0x0011a7b4       0xac C:/devkitPro/libctru/lib\libctru.a(synchronization.o)
                0x0011a7b4                LightLock_Lock
 .text.LightLock_Unlock
                0x0011a860       0x40 C:/devkitPro/libctru/lib\libctru.a(synchronization.o)
                0x0011a860                LightLock_Unlock
 .text.RecursiveLock_Lock
                0x0011a8a0       0x54 C:/devkitPro/libctru/lib\libctru.a(synchronization.o)
                0x0011a8a0                RecursiveLock_Lock
 .text.RecursiveLock_Unlock
                0x0011a8f4       0x54 C:/devkitPro/libctru/lib\libctru.a(synchronization.o)
                0x0011a8f4                RecursiveLock_Unlock
 .text.LightEvent_Init
                0x0011a948       0x44 C:/devkitPro/libctru/lib\libctru.a(synchronization.o)
                0x0011a948                LightEvent_Init
 .text.LightEvent_Clear
                0x0011a98c       0xb8 C:/devkitPro/libctru/lib\libctru.a(synchronization.o)
                0x0011a98c                LightEvent_Clear
 .text.LightEvent_Signal
                0x0011aa44       0xdc C:/devkitPro/libctru/lib\libctru.a(synchronization.o)
                0x0011aa44                LightEvent_Signal
 .text.LightEvent_TryWait
                0x0011ab20       0x50 C:/devkitPro/libctru/lib\libctru.a(synchronization.o)
                0x0011ab20                LightEvent_TryWait
 .text.LightEvent_Wait
                0x0011ab70       0xac C:/devkitPro/libctru/lib\libctru.a(synchronization.o)
                0x0011ab70                LightEvent_Wait
 .text.threadCreate
                0x0011ac1c      0x1fc C:/devkitPro/libctru/lib\libctru.a(thread.o)
                0x0011ac1c                threadCreate
 .text.threadFree
                0x0011ae18       0x38 C:/devkitPro/libctru/lib\libctru.a(thread.o)
                0x0011ae18                threadFree
 .text.threadJoin
                0x0011ae50       0x24 C:/devkitPro/libctru/lib\libctru.a(thread.o)
                0x0011ae50                threadJoin
 .text.threadGetCurrent
                0x0011ae74       0x30 C:/devkitPro/libctru/lib\libctru.a(thread.o)
                0x0011ae74                threadGetCurrent
 .text.threadExit
                0x0011aea4       0x40 C:/devkitPro/libctru/lib\libctru.a(thread.o)
                0x0011aea4                threadExit
 .text._thread_begin
                0x0011aee4       0x20 C:/devkitPro/libctru/lib\libctru.a(thread.o)
 .text.mappableFindAddressWithin
                0x0011af04       0x90 C:/devkitPro/libctru/lib\libctru.a(mappable.o)
 .text.mappableInit
                0x0011af94       0x28 C:/devkitPro/libctru/lib\libctru.a(mappable.o)
                0x0011af94                mappableInit
 .text.mappableAlloc
                0x0011afbc       0x7c C:/devkitPro/libctru/lib\libctru.a(mappable.o)
                0x0011afbc                mappableAlloc
 .text.mappableFree
                0x0011b038        0x4 C:/devkitPro/libctru/lib\libctru.a(mappable.o)
                0x0011b038                mappableFree
 .text.srvPmGetSessionHandle
                0x0011b03c        0xc C:/devkitPro/libctru/lib\libctru.a(srvpm.o)
                0x0011b03c                srvPmGetSessionHandle
 .text.rbtree_node_next
                0x0011b048       0x60 C:/devkitPro/libctru/lib\libctru.a(rbtree_iterator.o)
                0x0011b048                rbtree_node_next
 .text.decode_utf16
                0x0011b0a8       0x54 C:/devkitPro/libctru/lib\libctru.a(decode_utf16.o)
                0x0011b0a8                decode_utf16
 .text.encode_utf16
                0x0011b0fc       0x54 C:/devkitPro/libctru/lib\libctru.a(encode_utf16.o)
                0x0011b0fc                encode_utf16
 .text.encode_utf8
                0x0011b150       0xe0 C:/devkitPro/libctru/lib\libctru.a(encode_utf8.o)
                0x0011b150                encode_utf8
 .text.__appExit
                0x0011b230       0x30 C:/devkitPro/libctru/lib\libctru.a(appExit.o)
                0x0011b230                __appExit
 .text.__appInit
                0x0011b260       0x30 C:/devkitPro/libctru/lib\libctru.a(appInit.o)
                0x0011b260                __appInit
 .text.__libctru_exit
                0x0011b290       0x90 C:/devkitPro/libctru/lib\libctru.a(ctru_exit.o)
                0x0011b290                __libctru_exit
 .text.error_cmp
                0x0011b320       0x24 C:/devkitPro/libctru/lib\libctru.a(archive_dev.o)
 .text.archive_translate_error
                0x0011b344       0x50 C:/devkitPro/libctru/lib\libctru.a(archive_dev.o)
 .text.archive_seek
                0x0011b394       0xc0 C:/devkitPro/libctru/lib\libctru.a(archive_dev.o)
 .text._archiveInit.part.0
                0x0011b454       0x78 C:/devkitPro/libctru/lib\libctru.a(archive_dev.o)
 .text.archiveFindDevice.part.0
                0x0011b4cc      0x110 C:/devkitPro/libctru/lib\libctru.a(archive_dev.o)
 .text.archive_utf16path
                0x0011b5dc      0x298 C:/devkitPro/libctru/lib\libctru.a(archive_dev.o)
 .text._archiveUnmountDeviceStruct.part.0
                0x0011b874       0x98 C:/devkitPro/libctru/lib\libctru.a(archive_dev.o)
 .text._archiveMountDevice
                0x0011b90c      0x178 C:/devkitPro/libctru/lib\libctru.a(archive_dev.o)
 .text.archive_diropen
                0x0011ba84       0xf8 C:/devkitPro/libctru/lib\libctru.a(archive_dev.o)
 .text.archive_fstat
                0x0011bb7c       0xac C:/devkitPro/libctru/lib\libctru.a(archive_dev.o)
 .text.archive_fsync
                0x0011bc28       0x74 C:/devkitPro/libctru/lib\libctru.a(archive_dev.o)
 .text.archive_close
                0x0011bc9c       0x74 C:/devkitPro/libctru/lib\libctru.a(archive_dev.o)
 .text.archive_dirclose
                0x0011bd10       0x78 C:/devkitPro/libctru/lib\libctru.a(archive_dev.o)
 .text.sdmc_statvfs
                0x0011bd88       0xec C:/devkitPro/libctru/lib\libctru.a(archive_dev.o)
 .text.archive_chdir
                0x0011be74       0xf8 C:/devkitPro/libctru/lib\libctru.a(archive_dev.o)
 .text.archive_ftruncate
                0x0011bf6c       0x8c C:/devkitPro/libctru/lib\libctru.a(archive_dev.o)
 .text.archive_read
                0x0011bff8       0xbc C:/devkitPro/libctru/lib\libctru.a(archive_dev.o)
 .text.archive_unlink
                0x0011c0b4       0xa8 C:/devkitPro/libctru/lib\libctru.a(archive_dev.o)
 .text.archive_rmdir
                0x0011c15c       0xc0 C:/devkitPro/libctru/lib\libctru.a(archive_dev.o)
 .text.archive_mkdir
                0x0011c21c       0xd8 C:/devkitPro/libctru/lib\libctru.a(archive_dev.o)
 .text.archive_stat
                0x0011c2f4      0x1a0 C:/devkitPro/libctru/lib\libctru.a(archive_dev.o)
 .text.archive_dirnext
                0x0011c494      0x164 C:/devkitPro/libctru/lib\libctru.a(archive_dev.o)
 .text.archive_write
                0x0011c5f8      0x13c C:/devkitPro/libctru/lib\libctru.a(archive_dev.o)
 *fill*         0x0011c734        0x4 
 .text.archive_open
                0x0011c738      0x254 C:/devkitPro/libctru/lib\libctru.a(archive_dev.o)
 .text.archive_rename
                0x0011c98c      0x270 C:/devkitPro/libctru/lib\libctru.a(archive_dev.o)
 .text.archiveMountSdmc
                0x0011cbfc      0x1c8 C:/devkitPro/libctru/lib\libctru.a(archive_dev.o)
                0x0011cbfc                archiveMountSdmc
 .text.archiveUnmountAll
                0x0011cdc4       0x54 C:/devkitPro/libctru/lib\libctru.a(archive_dev.o)
                0x0011cdc4                archiveUnmountAll
 .text.sinf     0x0011ce18      0x264 C:/devkitPro/devkitARM/bin/../lib/gcc/arm-none-eabi/16.1.0/../../../../arm-none-eabi/lib/armv6k/fpu\libm.a(libm_a-sinf.o)
                0x0011ce18                sinf
 .text.fminf    0x0011d07c       0x54 C:/devkitPro/devkitARM/bin/../lib/gcc/arm-none-eabi/16.1.0/../../../../arm-none-eabi/lib/armv6k/fpu\libm.a(libm_a-sf_fmin.o)
                0x0011d07c                fminf
 .text.sqrtf    0x0011d0d0       0x50 C:/devkitPro/devkitARM/bin/../lib/gcc/arm-none-eabi/16.1.0/../../../../arm-none-eabi/lib/armv6k/fpu\libm.a(libm_a-wf_sqrt.o)
                0x0011d0d0                sqrtf
 .text.fmaxf    0x0011d120       0x54 C:/devkitPro/devkitARM/bin/../lib/gcc/arm-none-eabi/16.1.0/../../../../arm-none-eabi/lib/armv6k/fpu\libm.a(libm_a-sf_fmax.o)
                0x0011d120                fmaxf
 .text.tanf     0x0011d174       0x70 C:/devkitPro/devkitARM/bin/../lib/gcc/arm-none-eabi/16.1.0/../../../../arm-none-eabi/lib/armv6k/fpu\libm.a(libm_a-sf_tan.o)
                0x0011d174                tanf
 .text.with_errnof
                0x0011d1e4       0x24 C:/devkitPro/devkitARM/bin/../lib/gcc/arm-none-eabi/16.1.0/../../../../arm-none-eabi/lib/armv6k/fpu\libm.a(libm_a-math_errf.o)
 .text.__math_invalidf
                0x0011d208       0x1c C:/devkitPro/devkitARM/bin/../lib/gcc/arm-none-eabi/16.1.0/../../../../arm-none-eabi/lib/armv6k/fpu\libm.a(libm_a-math_errf.o)
                0x0011d208                __math_invalidf
 .text.ceilf    0x0011d224       0xc0 C:/devkitPro/devkitARM/bin/../lib/gcc/arm-none-eabi/16.1.0/../../../../arm-none-eabi/lib/armv6k/fpu\libm.a(libm_a-sf_ceil.o)
                0x0011d224                ceilf
 *fill*         0x0011d2e4        0x4 
 .text.cosf     0x0011d2e8      0x25c C:/devkitPro/devkitARM/bin/../lib/gcc/arm-none-eabi/16.1.0/../../../../arm-none-eabi/lib/armv6k/fpu\libm.a(libm_a-cosf.o)
                0x0011d2e8                cosf
 .text.__fpclassifyf
                0x0011d544       0x5c C:/devkitPro/devkitARM/bin/../lib/gcc/arm-none-eabi/16.1.0/../../../../arm-none-eabi/lib/armv6k/fpu\libm.a(libm_a-sf_fpclassify.o)
                0x0011d544                __fpclassifyf
 .text.__ieee754_rem_pio2f
                0x0011d5a0      0x2e0 C:/devkitPro/devkitARM/bin/../lib/gcc/arm-none-eabi/16.1.0/../../../../arm-none-eabi/lib/armv6k/fpu\libm.a(libm_a-ef_rem_pio2.o)
                0x0011d5a0                __ieee754_rem_pio2f
 .text.__kernel_tanf
                0x0011d880      0x20c C:/devkitPro/devkitARM/bin/../lib/gcc/arm-none-eabi/16.1.0/../../../../arm-none-eabi/lib/armv6k/fpu\libm.a(libm_a-kf_tan.o)
                0x0011d880                __kernel_tanf
 .text.fabsf    0x0011da8c       0x10 C:/devkitPro/devkitARM/bin/../lib/gcc/arm-none-eabi/16.1.0/../../../../arm-none-eabi/lib/armv6k/fpu\libm.a(libm_a-sf_fabs.o)
                0x0011da8c                fabsf
 .text.__kernel_rem_pio2f
                0x0011da9c      0x8c0 C:/devkitPro/devkitARM/bin/../lib/gcc/arm-none-eabi/16.1.0/../../../../arm-none-eabi/lib/armv6k/fpu\libm.a(libm_a-kf_rem_pio2.o)
                0x0011da9c                __kernel_rem_pio2f
 .text.__ieee754_sqrtf
                0x0011e35c        0x8 C:/devkitPro/devkitARM/bin/../lib/gcc/arm-none-eabi/16.1.0/../../../../arm-none-eabi/lib/armv6k/fpu\libm.a(libm_a-ef_sqrt.o)
                0x0011e35c                __ieee754_sqrtf
 .text.scalbnf  0x0011e364      0x12c C:/devkitPro/devkitARM/bin/../lib/gcc/arm-none-eabi/16.1.0/../../../../arm-none-eabi/lib/armv6k/fpu\libm.a(libm_a-sf_scalbn.o)
                0x0011e364                scalbnf
 .text.floorf   0x0011e490       0xc0 C:/devkitPro/devkitARM/bin/../lib/gcc/arm-none-eabi/16.1.0/../../../../arm-none-eabi/lib/armv6k/fpu\libm.a(libm_a-sf_floor.o)
                0x0011e490                floorf
 .text.__udivmoddi4
                0x0011e550      0x130 C:/devkitPro/devkitARM/bin/../lib/gcc/arm-none-eabi/16.1.0/armv6k/fpu\libgcc.a(_udivmoddi4.o)
                0x0011e550                __udivmoddi4
 .text.strncat  0x0011e680       0xe4 C:/devkitPro/devkitARM/bin/../lib/gcc/arm-none-eabi/16.1.0/../../../../arm-none-eabi/lib/armv6k/fpu\libg.a(libc_a-strncat.o)
                0x0011e680                strncat
 .text.memcpy   0x0011e764      0x128 C:/devkitPro/devkitARM/bin/../lib/gcc/arm-none-eabi/16.1.0/../../../../arm-none-eabi/lib/armv6k/fpu\libg.a(libc_a-memcpy-stub.o)
                0x0011e764                memcpy
 .text.strlen   0x0011e88c       0x8c C:/devkitPro/devkitARM/bin/../lib/gcc/arm-none-eabi/16.1.0/../../../../arm-none-eabi/lib/armv6k/fpu\libg.a(libc_a-strlen.o)
                0x0011e88c                strlen
 .text.bsearch  0x0011e918       0x78 C:/devkitPro/devkitARM/bin/../lib/gcc/arm-none-eabi/16.1.0/../../../../arm-none-eabi/lib/armv6k/fpu\libg.a(libc_a-bsearch.o)
                0x0011e918                bsearch
 .text.memalign
                0x0011e990       0x28 C:/devkitPro/devkitARM/bin/../lib/gcc/arm-none-eabi/16.1.0/../../../../arm-none-eabi/lib/armv6k/fpu\libg.a(libc_a-malign.o)
                0x0011e990                memalign
 .text.snprintf
                0x0011e9b8       0xa0 C:/devkitPro/devkitARM/bin/../lib/gcc/arm-none-eabi/16.1.0/../../../../arm-none-eabi/lib/armv6k/fpu\libg.a(libc_a-snprintf.o)
                0x0011e9b8                snprintf
 .text.printf   0x0011ea58       0x34 C:/devkitPro/devkitARM/bin/../lib/gcc/arm-none-eabi/16.1.0/../../../../arm-none-eabi/lib/armv6k/fpu\libg.a(libc_a-printf.o)
                0x0011ea58                printf
 .text._strtoul_l.isra.0
                0x0011ea8c      0x1ec C:/devkitPro/devkitARM/bin/../lib/gcc/arm-none-eabi/16.1.0/../../../../arm-none-eabi/lib/armv6k/fpu\libg.a(libc_a-strtoul.o)
 .text.strtoul  0x0011ec78       0x3c C:/devkitPro/devkitARM/bin/../lib/gcc/arm-none-eabi/16.1.0/../../../../arm-none-eabi/lib/armv6k/fpu\libg.a(libc_a-strtoul.o)
                0x0011ec78                strtoul
 .text.strchr   0x0011ecb4      0x140 C:/devkitPro/devkitARM/bin/../lib/gcc/arm-none-eabi/16.1.0/../../../../arm-none-eabi/lib/armv6k/fpu\libg.a(libc_a-strchr.o)
                0x0011ecb4                strchr
 .text.calloc   0x0011edf4       0x28 C:/devkitPro/devkitARM/bin/../lib/gcc/arm-none-eabi/16.1.0/../../../../arm-none-eabi/lib/armv6k/fpu\libg.a(libc_a-calloc.o)
                0x0011edf4                calloc
 .text._memalign_r
                0x0011ee1c      0x16c C:/devkitPro/devkitARM/bin/../lib/gcc/arm-none-eabi/16.1.0/../../../../arm-none-eabi/lib/armv6k/fpu\libg.a(libc_a-malignr.o)
                0x0011ee1c                _memalign_r
 .text.__errno  0x0011ef88        0xc C:/devkitPro/devkitARM/bin/../lib/gcc/arm-none-eabi/16.1.0/../../../../arm-none-eabi/lib/armv6k/fpu\libg.a(libc_a-errno.o)
                0x0011ef88                __errno
 .text.__smakebuf_r
                0x0011ef94      0x164 C:/devkitPro/devkitARM/bin/../lib/gcc/arm-none-eabi/16.1.0/../../../../arm-none-eabi/lib/armv6k/fpu\libg.a(libc_a-makebuf.o)
                0x0011ef94                __smakebuf_r
 .text.__swhatbuf_r
                0x0011f0f8       0x90 C:/devkitPro/devkitARM/bin/../lib/gcc/arm-none-eabi/16.1.0/../../../../arm-none-eabi/lib/armv6k/fpu\libg.a(libc_a-makebuf.o)
                0x0011f0f8                __swhatbuf_r
 .text.memset   0x0011f188       0xe4 C:/devkitPro/devkitARM/bin/../lib/gcc/arm-none-eabi/16.1.0/../../../../arm-none-eabi/lib/armv6k/fpu\libg.a(libc_a-memset.o)
                0x0011f188                memset
 .text._calloc_r
                0x0011f26c       0xd8 C:/devkitPro/devkitARM/bin/../lib/gcc/arm-none-eabi/16.1.0/../../../../arm-none-eabi/lib/armv6k/fpu\libg.a(libc_a-callocr.o)
                0x0011f26c                _calloc_r
 .text.__sflush_r
                0x0011f344      0x22c C:/devkitPro/devkitARM/bin/../lib/gcc/arm-none-eabi/16.1.0/../../../../arm-none-eabi/lib/armv6k/fpu\libg.a(libc_a-fflush.o)
                0x0011f344                __sflush_r
 .text._fflush_r
                0x0011f570       0xc4 C:/devkitPro/devkitARM/bin/../lib/gcc/arm-none-eabi/16.1.0/../../../../arm-none-eabi/lib/armv6k/fpu\libg.a(libc_a-fflush.o)
                0x0011f570                _fflush_r
 .text._vsnprintf_r
                0x0011f634       0x88 C:/devkitPro/devkitARM/bin/../lib/gcc/arm-none-eabi/16.1.0/../../../../arm-none-eabi/lib/armv6k/fpu\libg.a(libc_a-vsnprintf.o)
                0x0011f634                _vsnprintf_r
 .text.vsnprintf
                0x0011f6bc       0x38 C:/devkitPro/devkitARM/bin/../lib/gcc/arm-none-eabi/16.1.0/../../../../arm-none-eabi/lib/armv6k/fpu\libg.a(libc_a-vsnprintf.o)
                0x0011f6bc                vsnprintf
 .text.mallinfo
                0x0011f6f4       0x20 C:/devkitPro/devkitARM/bin/../lib/gcc/arm-none-eabi/16.1.0/../../../../arm-none-eabi/lib/armv6k/fpu\libg.a(libc_a-mstats.o)
                0x0011f6f4                mallinfo
 .text.qsort    0x0011f714      0x8e8 C:/devkitPro/devkitARM/bin/../lib/gcc/arm-none-eabi/16.1.0/../../../../arm-none-eabi/lib/armv6k/fpu\libg.a(libc_a-qsort.o)
                0x0011f714                qsort
 .text._malloc_r
                0x0011fffc      0x82c C:/devkitPro/devkitARM/bin/../lib/gcc/arm-none-eabi/16.1.0/../../../../arm-none-eabi/lib/armv6k/fpu\libg.a(libc_a-mallocr.o)
                0x0011fffc                _malloc_r
 .text._malloc_trim_r
                0x00120828      0x114 C:/devkitPro/devkitARM/bin/../lib/gcc/arm-none-eabi/16.1.0/../../../../arm-none-eabi/lib/armv6k/fpu\libg.a(libc_a-freer.o)
                0x00120828                _malloc_trim_r
 .text._free_r  0x0012093c      0x314 C:/devkitPro/devkitARM/bin/../lib/gcc/arm-none-eabi/16.1.0/../../../../arm-none-eabi/lib/armv6k/fpu\libg.a(libc_a-freer.o)
                0x0012093c                _free_r
 .text.setvbuf  0x00120c50      0x294 C:/devkitPro/devkitARM/bin/../lib/gcc/arm-none-eabi/16.1.0/../../../../arm-none-eabi/lib/armv6k/fpu\libg.a(libc_a-setvbuf.o)
                0x00120c50                setvbuf
 .text.stdio_exit_handler
                0x00120ee4       0x1c C:/devkitPro/devkitARM/bin/../lib/gcc/arm-none-eabi/16.1.0/../../../../arm-none-eabi/lib/armv6k/fpu\libg.a(libc_a-findfp.o)
 .text.cleanup_stdio
                0x00120f00       0x5c C:/devkitPro/devkitARM/bin/../lib/gcc/arm-none-eabi/16.1.0/../../../../arm-none-eabi/lib/armv6k/fpu\libg.a(libc_a-findfp.o)
 .text.global_stdio_init.part.0
                0x00120f5c      0x154 C:/devkitPro/devkitARM/bin/../lib/gcc/arm-none-eabi/16.1.0/../../../../arm-none-eabi/lib/armv6k/fpu\libg.a(libc_a-findfp.o)
 .text.__sinit  0x001210b0       0x5c C:/devkitPro/devkitARM/bin/../lib/gcc/arm-none-eabi/16.1.0/../../../../arm-none-eabi/lib/armv6k/fpu\libg.a(libc_a-findfp.o)
                0x001210b0                __sinit
 .text.__sfp_lock_acquire
                0x0012110c        0xc C:/devkitPro/devkitARM/bin/../lib/gcc/arm-none-eabi/16.1.0/../../../../arm-none-eabi/lib/armv6k/fpu\libg.a(libc_a-findfp.o)
                0x0012110c                __sfp_lock_acquire
 .text.__sfp_lock_release
                0x00121118        0xc C:/devkitPro/devkitARM/bin/../lib/gcc/arm-none-eabi/16.1.0/../../../../arm-none-eabi/lib/armv6k/fpu\libg.a(libc_a-findfp.o)
                0x00121118                __sfp_lock_release
 .text.__libc_init_array
                0x00121124       0x84 C:/devkitPro/devkitARM/bin/../lib/gcc/arm-none-eabi/16.1.0/../../../../arm-none-eabi/lib/armv6k/fpu\libg.a(libc_a-init.o)
                0x00121124                __libc_init_array
 .text.strncpy  0x001211a8       0xd4 C:/devkitPro/devkitARM/bin/../lib/gcc/arm-none-eabi/16.1.0/../../../../arm-none-eabi/lib/armv6k/fpu\libg.a(libc_a-strncpy.o)
                0x001211a8                strncpy
 .text.malloc   0x0012127c       0x40 C:/devkitPro/devkitARM/bin/../lib/gcc/arm-none-eabi/16.1.0/../../../../arm-none-eabi/lib/armv6k/fpu\libg.a(libc_a-malloc.o)
                0x0012127c                malloc
 .text.free     0x001212bc       0x20 C:/devkitPro/devkitARM/bin/../lib/gcc/arm-none-eabi/16.1.0/../../../../arm-none-eabi/lib/armv6k/fpu\libg.a(libc_a-malloc.o)
                0x001212bc                free
 .text._puts_r  0x001212dc       0xe0 C:/devkitPro/devkitARM/bin/../lib/gcc/arm-none-eabi/16.1.0/../../../../arm-none-eabi/lib/armv6k/fpu\libg.a(libc_a-puts.o)
                0x001212dc                _puts_r
 .text.puts     0x001213bc       0x20 C:/devkitPro/devkitARM/bin/../lib/gcc/arm-none-eabi/16.1.0/../../../../arm-none-eabi/lib/armv6k/fpu\libg.a(libc_a-puts.o)
                0x001213bc                puts
 .text.__sread  0x001213dc       0x44 C:/devkitPro/devkitARM/bin/../lib/gcc/arm-none-eabi/16.1.0/../../../../arm-none-eabi/lib/armv6k/fpu\libg.a(libc_a-stdio.o)
                0x001213dc                __sread
 .text.__swrite
                0x00121420       0x68 C:/devkitPro/devkitARM/bin/../lib/gcc/arm-none-eabi/16.1.0/../../../../arm-none-eabi/lib/armv6k/fpu\libg.a(libc_a-stdio.o)
                0x00121420                __swrite
 .text.__sseek  0x00121488       0x40 C:/devkitPro/devkitARM/bin/../lib/gcc/arm-none-eabi/16.1.0/../../../../arm-none-eabi/lib/armv6k/fpu\libg.a(libc_a-stdio.o)
                0x00121488                __sseek
 .text.__sclose
                0x001214c8        0x8 C:/devkitPro/devkitARM/bin/../lib/gcc/arm-none-eabi/16.1.0/../../../../arm-none-eabi/lib/armv6k/fpu\libg.a(libc_a-stdio.o)
                0x001214c8                __sclose
 .text._realloc_r
                0x001214d0      0x4f0 C:/devkitPro/devkitARM/bin/../lib/gcc/arm-none-eabi/16.1.0/../../../../arm-none-eabi/lib/armv6k/fpu\libg.a(libc_a-reallocr.o)
                0x001214d0                _realloc_r
 .text.__malloc_lock
                0x001219c0        0xc C:/devkitPro/devkitARM/bin/../lib/gcc/arm-none-eabi/16.1.0/../../../../arm-none-eabi/lib/armv6k/fpu\libg.a(libc_a-mlock.o)
                0x001219c0                __malloc_lock
 .text.__malloc_unlock
                0x001219cc        0xc C:/devkitPro/devkitARM/bin/../lib/gcc/arm-none-eabi/16.1.0/../../../../arm-none-eabi/lib/armv6k/fpu\libg.a(libc_a-mlock.o)
                0x001219cc                __malloc_unlock
 .text._fclose_r
                0x001219d8      0x148 C:/devkitPro/devkitARM/bin/../lib/gcc/arm-none-eabi/16.1.0/../../../../arm-none-eabi/lib/armv6k/fpu\libg.a(libc_a-fclose.o)
                0x001219d8                _fclose_r
 .text.putchar  0x00121b20       0x24 C:/devkitPro/devkitARM/bin/../lib/gcc/arm-none-eabi/16.1.0/../../../../arm-none-eabi/lib/armv6k/fpu\libg.a(libc_a-putchar.o)
                0x00121b20                putchar
 .text.__call_exitprocs
                0x00121b44        0x4 C:/devkitPro/devkitARM/bin/../lib/gcc/arm-none-eabi/16.1.0/../../../../arm-none-eabi/lib/armv6k/fpu\libg.a(libc_a-exit.o)
                0x00121b44                __call_exitprocs
 .text.exit     0x00121b48       0x30 C:/devkitPro/devkitARM/bin/../lib/gcc/arm-none-eabi/16.1.0/../../../../arm-none-eabi/lib/armv6k/fpu\libg.a(libc_a-exit.o)
                0x00121b48                exit
 .text.get_arg  0x00121b78      0x5e0 C:/devkitPro/devkitARM/bin/../lib/gcc/arm-none-eabi/16.1.0/../../../../arm-none-eabi/lib/armv6k/fpu\libg.a(libc_a-svfprintf.o)
 .text._svfprintf_r
                0x00122158     0x345c C:/devkitPro/devkitARM/bin/../lib/gcc/arm-none-eabi/16.1.0/../../../../arm-none-eabi/lib/armv6k/fpu\libg.a(libc_a-svfprintf.o)
                0x00122158                _svfprintf_r
 .text.__libc_fini_array
                0x001255b4       0x3c C:/devkitPro/devkitARM/bin/../lib/gcc/arm-none-eabi/16.1.0/../../../../arm-none-eabi/lib/armv6k/fpu\libg.a(libc_a-fini.o)
                0x001255b4                __libc_fini_array
 .text.strnlen  0x001255f0       0x3c C:/devkitPro/devkitARM/bin/../lib/gcc/arm-none-eabi/16.1.0/../../../../arm-none-eabi/lib/armv6k/fpu\libg.a(libc_a-strnlen.o)
                0x001255f0                strnlen
 .text.strncmp  0x0012562c       0xd8 C:/devkitPro/devkitARM/bin/../lib/gcc/arm-none-eabi/16.1.0/../../../../arm-none-eabi/lib/armv6k/fpu\libg.a(libc_a-strncmp.o)
                0x0012562c                strncmp
 .text.__malloc_update_mallinfo
                0x00125704       0x84 C:/devkitPro/devkitARM/bin/../lib/gcc/arm-none-eabi/16.1.0/../../../../arm-none-eabi/lib/armv6k/fpu\libg.a(libc_a-mallinfor.o)
                0x00125704                __malloc_update_mallinfo
 .text._mallinfo_r
                0x00125788       0x4c C:/devkitPro/devkitARM/bin/../lib/gcc/arm-none-eabi/16.1.0/../../../../arm-none-eabi/lib/armv6k/fpu\libg.a(libc_a-mallinfor.o)
                0x00125788                _mallinfo_r
 *fill*         0x001257d4        0x4 
 .text.frexp    0x001257d8       0x88 C:/devkitPro/devkitARM/bin/../lib/gcc/arm-none-eabi/16.1.0/../../../../arm-none-eabi/lib/armv6k/fpu\libg.a(libm_a-s_frexp.o)
                0x001257d8                frexp
 .text._fwalk_sglue
                0x00125860       0x70 C:/devkitPro/devkitARM/bin/../lib/gcc/arm-none-eabi/16.1.0/../../../../arm-none-eabi/lib/armv6k/fpu\libg.a(libc_a-fwalk.o)
                0x00125860                _fwalk_sglue
 .text.get_arg  0x001258d0      0x5e0 C:/devkitPro/devkitARM/bin/../lib/gcc/arm-none-eabi/16.1.0/../../../../arm-none-eabi/lib/armv6k/fpu\libg.a(libc_a-vfprintf.o)
 .text._vfprintf_r
                0x00125eb0     0x3554 C:/devkitPro/devkitARM/bin/../lib/gcc/arm-none-eabi/16.1.0/../../../../arm-none-eabi/lib/armv6k/fpu\libg.a(libc_a-vfprintf.o)
                0x00125eb0                _vfprintf_r
 .text.__sbprintf
                0x00129404       0xb4 C:/devkitPro/devkitARM/bin/../lib/gcc/arm-none-eabi/16.1.0/../../../../arm-none-eabi/lib/armv6k/fpu\libg.a(libc_a-vfprintf.o)
 .text._wcrtomb_r
                0x001294b8       0xa0 C:/devkitPro/devkitARM/bin/../lib/gcc/arm-none-eabi/16.1.0/../../../../arm-none-eabi/lib/armv6k/fpu\libg.a(libc_a-wcrtomb.o)
                0x001294b8                _wcrtomb_r
 .text.__ssprint_r
                0x00129558       0xa4 C:/devkitPro/devkitARM/bin/../lib/gcc/arm-none-eabi/16.1.0/../../../../arm-none-eabi/lib/armv6k/fpu\libg.a(libc_a-ssprint_r.o)
                0x00129558                __ssprint_r
 .text.fiprintf
                0x001295fc       0x3c C:/devkitPro/devkitARM/bin/../lib/gcc/arm-none-eabi/16.1.0/../../../../arm-none-eabi/lib/armv6k/fpu\libg.a(libc_a-fiprintf.o)
                0x001295fc                fiprintf
 .text.__sfvwrite_r
                0x00129638      0x4a4 C:/devkitPro/devkitARM/bin/../lib/gcc/arm-none-eabi/16.1.0/../../../../arm-none-eabi/lib/armv6k/fpu\libg.a(libc_a-fvwrite.o)
                0x00129638                __sfvwrite_r
 .text.__locale_mb_cur_max
                0x00129adc       0x24 C:/devkitPro/devkitARM/bin/../lib/gcc/arm-none-eabi/16.1.0/../../../../arm-none-eabi/lib/armv6k/fpu\libg.a(libc_a-locale.o)
                0x00129adc                __locale_mb_cur_max
 .text.__sprint_r
                0x00129b00       0x30 C:/devkitPro/devkitARM/bin/../lib/gcc/arm-none-eabi/16.1.0/../../../../arm-none-eabi/lib/armv6k/fpu\libg.a(libc_a-sprint_r.o)
                0x00129b00                __sprint_r
 .text._putc_r  0x00129b30       0xfc C:/devkitPro/devkitARM/bin/../lib/gcc/arm-none-eabi/16.1.0/../../../../arm-none-eabi/lib/armv6k/fpu\libg.a(libc_a-putc.o)
                0x00129b30                _putc_r